Component: Arm Compiler for Embedded 6.24 Tool: armlink [5f371500]

==============================================================================

Section Cross References

    startup_stm32h743xx.o(STACK) refers (Special) to heapauxi.o(.text) for __use_two_region_memory
    startup_stm32h743xx.o(HEAP) refers (Special) to heapauxi.o(.text) for __use_two_region_memory
    startup_stm32h743xx.o(RESET) refers (Special) to heapauxi.o(.text) for __use_two_region_memory
    startup_stm32h743xx.o(RESET) refers to startup_stm32h743xx.o(STACK) for __initial_sp
    startup_stm32h743xx.o(RESET) refers to startup_stm32h743xx.o(.text) for Reset_Handler
    startup_stm32h743xx.o(RESET) refers to stm32h7xx_it.o(.text.NMI_Handler) for NMI_Handler
    startup_stm32h743xx.o(RESET) refers to stm32h7xx_it.o(.text.HardFault_Handler) for HardFault_Handler
    startup_stm32h743xx.o(RESET) refers to stm32h7xx_it.o(.text.MemManage_Handler) for MemManage_Handler
    startup_stm32h743xx.o(RESET) refers to stm32h7xx_it.o(.text.BusFault_Handler) for BusFault_Handler
    startup_stm32h743xx.o(RESET) refers to stm32h7xx_it.o(.text.UsageFault_Handler) for UsageFault_Handler
    startup_stm32h743xx.o(RESET) refers to stm32h7xx_it.o(.text.SVC_Handler) for SVC_Handler
    startup_stm32h743xx.o(RESET) refers to stm32h7xx_it.o(.text.DebugMon_Handler) for DebugMon_Handler
    startup_stm32h743xx.o(RESET) refers to stm32h7xx_it.o(.text.PendSV_Handler) for PendSV_Handler
    startup_stm32h743xx.o(RESET) refers to stm32h7xx_it.o(.text.SysTick_Handler) for SysTick_Handler
    startup_stm32h743xx.o(RESET) refers to stm32h7xx_it.o(.text.DMA1_Stream0_IRQHandler) for DMA1_Stream0_IRQHandler
    startup_stm32h743xx.o(RESET) refers to stm32h7xx_it.o(.text.DMA1_Stream1_IRQHandler) for DMA1_Stream1_IRQHandler
    startup_stm32h743xx.o(RESET) refers to stm32h7xx_it.o(.text.DMA1_Stream2_IRQHandler) for DMA1_Stream2_IRQHandler
    startup_stm32h743xx.o(RESET) refers to stm32h7xx_it.o(.text.DMA1_Stream3_IRQHandler) for DMA1_Stream3_IRQHandler
    startup_stm32h743xx.o(RESET) refers to stm32h7xx_it.o(.text.DMA1_Stream4_IRQHandler) for DMA1_Stream4_IRQHandler
    startup_stm32h743xx.o(RESET) refers to stm32h7xx_it.o(.text.TIM3_IRQHandler) for TIM3_IRQHandler
    startup_stm32h743xx.o(RESET) refers to stm32h7xx_it.o(.text.UART4_IRQHandler) for UART4_IRQHandler
    startup_stm32h743xx.o(RESET) refers to stm32h7xx_it.o(.text.UART5_IRQHandler) for UART5_IRQHandler
    startup_stm32h743xx.o(RESET) refers to stm32h7xx_it.o(.text.UART7_IRQHandler) for UART7_IRQHandler
    startup_stm32h743xx.o(.text) refers (Special) to heapauxi.o(.text) for __use_two_region_memory
    startup_stm32h743xx.o(.text) refers to system_stm32h7xx.o(.text.ExitRun0Mode) for ExitRun0Mode
    startup_stm32h743xx.o(.text) refers to system_stm32h7xx.o(.text.SystemInit) for SystemInit
    startup_stm32h743xx.o(.text) refers to __main.o(!!!main) for __main
    startup_stm32h743xx.o(.text) refers to startup_stm32h743xx.o(HEAP) for Heap_Mem
    startup_stm32h743xx.o(.text) refers to startup_stm32h743xx.o(STACK) for Stack_Mem
    main.o(.text) refers (Special) to _printf_percent.o(.ARM.Collect$$_printf_percent$$00000000) for _printf_percent
    main.o(.text) refers (Special) to _printf_d.o(.ARM.Collect$$_printf_percent$$00000009) for _printf_d
    main.o(.text) refers (Special) to _printf_f.o(.ARM.Collect$$_printf_percent$$00000003) for _printf_f
    main.o(.text) refers (Special) to _printf_dec.o(.text) for _printf_int_dec
    main.o(.text) refers (Special) to printf1.o(x$fpl$printf1) for _printf_fp_dec
    main.o(.text.main) refers (Special) to _printf_percent.o(.ARM.Collect$$_printf_percent$$00000000) for _printf_percent
    main.o(.text.main) refers (Special) to _printf_d.o(.ARM.Collect$$_printf_percent$$00000009) for _printf_d
    main.o(.text.main) refers (Special) to _printf_f.o(.ARM.Collect$$_printf_percent$$00000003) for _printf_f
    main.o(.text.main) refers (Special) to _printf_dec.o(.text) for _printf_int_dec
    main.o(.text.main) refers (Special) to printf1.o(x$fpl$printf1) for _printf_fp_dec
    main.o(.text.main) refers to stm32h7xx_hal_cortex.o(.text.HAL_MPU_Disable) for HAL_MPU_Disable
    main.o(.text.main) refers to stm32h7xx_hal_cortex.o(.text.HAL_MPU_ConfigRegion) for HAL_MPU_ConfigRegion
    main.o(.text.main) refers to stm32h7xx_hal_cortex.o(.text.HAL_MPU_Enable) for HAL_MPU_Enable
    main.o(.text.main) refers to stm32h7xx_hal.o(.text.HAL_Init) for HAL_Init
    main.o(.text.main) refers to main.o(.text.SystemClock_Config) for SystemClock_Config
    main.o(.text.main) refers to gpio.o(.text.MX_GPIO_Init) for MX_GPIO_Init
    main.o(.text.main) refers to dma.o(.text.MX_DMA_Init) for MX_DMA_Init
    main.o(.text.main) refers to spi.o(.text.MX_SPI1_Init) for MX_SPI1_Init
    main.o(.text.main) refers to adc.o(.text.MX_ADC1_Init) for MX_ADC1_Init
    main.o(.text.main) refers to usart.o(.text.MX_UART4_Init) for MX_UART4_Init
[...]
    I2C1_ER_IRQHandler                       0x080003b3   Thumb Code     0  startup_stm32h743xx.o(.text)
    I2C1_EV_IRQHandler                       0x080003b3   Thumb Code     0  startup_stm32h743xx.o(.text)
    I2C2_ER_IRQHandler                       0x080003b3   Thumb Code     0  startup_stm32h743xx.o(.text)
    I2C2_EV_IRQHandler                       0x080003b3   Thumb Code     0  startup_stm32h743xx.o(.text)
    I2C3_ER_IRQHandler                       0x080003b3   Thumb Code     0  startup_stm32h743xx.o(.text)
    I2C3_EV_IRQHandler                       0x080003b3   Thumb Code     0  startup_stm32h743xx.o(.text)
    I2C4_ER_IRQHandler                       0x080003b3   Thumb Code     0  startup_stm32h743xx.o(.text)
    I2C4_EV_IRQHandler                       0x080003b3   Thumb Code     0  startup_stm32h743xx.o(.text)
    JPEG_IRQHandler                          0x080003b3   Thumb Code     0  startup_stm32h743xx.o(.text)
    LPTIM1_IRQHandler                        0x080003b3   Thumb Code     0  startup_stm32h743xx.o(.text)
    LPTIM2_IRQHandler                        0x080003b3   Thumb Code     0  startup_stm32h743xx.o(.text)
    LPTIM3_IRQHandler                        0x080003b3   Thumb Code     0  startup_stm32h743xx.o(.text)
    LPTIM4_IRQHandler                        0x080003b3   Thumb Code     0  startup_stm32h743xx.o(.text)
    LPTIM5_IRQHandler                        0x080003b3   Thumb Code     0  startup_stm32h743xx.o(.text)
    LPUART1_IRQHandler                       0x080003b3   Thumb Code     0  startup_stm32h743xx.o(.text)
    LTDC_ER_IRQHandler                       0x080003b3   Thumb Code     0  startup_stm32h743xx.o(.text)
    LTDC_IRQHandler                          0x080003b3   Thumb Code     0  startup_stm32h743xx.o(.text)
    MDIOS_IRQHandler                         0x080003b3   Thumb Code     0  startup_stm32h743xx.o(.text)
    MDIOS_WKUP_IRQHandler                    0x080003b3   Thumb Code     0  startup_stm32h743xx.o(.text)
    MDMA_IRQHandler                          0x080003b3   Thumb Code     0  startup_stm32h743xx.o(.text)
    OTG_FS_EP1_IN_IRQHandler                 0x080003b3   Thumb Code     0  startup_stm32h743xx.o(.text)
    OTG_FS_EP1_OUT_IRQHandler                0x080003b3   Thumb Code     0  startup_stm32h743xx.o(.text)
    OTG_FS_IRQHandler                        0x080003b3   Thumb Code     0  startup_stm32h743xx.o(.text)
    OTG_FS_WKUP_IRQHandler                   0x080003b3   Thumb Code     0  startup_stm32h743xx.o(.text)
    OTG_HS_EP1_IN_IRQHandler                 0x080003b3   Thumb Code     0  startup_stm32h743xx.o(.text)
    OTG_HS_EP1_OUT_IRQHandler                0x080003b3   Thumb Code     0  startup_stm32h743xx.o(.text)
    OTG_HS_IRQHandler                        0x080003b3   Thumb Code     0  startup_stm32h743xx.o(.text)
    OTG_HS_WKUP_IRQHandler                   0x080003b3   Thumb Code     0  startup_stm32h743xx.o(.text)
    PVD_AVD_IRQHandler                       0x080003b3   Thumb Code     0  startup_stm32h743xx.o(.text)
    QUADSPI_IRQHandler                       0x080003b3   Thumb Code     0  startup_stm32h743xx.o(.text)
    RCC_IRQHandler                           0x080003b3   Thumb Code     0  startup_stm32h743xx.o(.text)
    RNG_IRQHandler                           0x080003b3   Thumb Code     0  startup_stm32h743xx.o(.text)
    RTC_Alarm_IRQHandler                     0x080003b3   Thumb Code     0  startup_stm32h743xx.o(.text)
    RTC_WKUP_IRQHandler                      0x080003b3   Thumb Code     0  startup_stm32h743xx.o(.text)
    SAI1_IRQHandler                          0x080003b3   Thumb Code     0  startup_stm32h743xx.o(.text)
    SAI2_IRQHandler                          0x080003b3   Thumb Code     0  startup_stm32h743xx.o(.text)
    SAI3_IRQHandler                          0x080003b3   Thumb Code     0  startup_stm32h743xx.o(.text)
    SAI4_IRQHandler                          0x080003b3   Thumb Code     0  startup_stm32h743xx.o(.text)
    SDMMC1_IRQHandler                        0x080003b3   Thumb Code     0  startup_stm32h743xx.o(.text)
    SDMMC2_IRQHandler                        0x080003b3   Thumb Code     0  startup_stm32h743xx.o(.text)
    SPDIF_RX_IRQHandler                      0x080003b3   Thumb Code     0  startup_stm32h743xx.o(.text)
    SPI1_IRQHandler                          0x080003b3   Thumb Code     0  startup_stm32h743xx.o(.text)
    SPI2_IRQHandler                          0x080003b3   Thumb Code     0  startup_stm32h743xx.o(.text)
    SPI3_IRQHandler                          0x080003b3   Thumb Code     0  startup_stm32h743xx.o(.text)
    SPI4_IRQHandler                          0x080003b3   Thumb Code     0  startup_stm32h743xx.o(.text)
    SPI5_IRQHandler                          0x080003b3   Thumb Code     0  startup_stm32h743xx.o(.text)
    SPI6_IRQHandler                          0x080003b3   Thumb Code     0  startup_stm32h743xx.o(.text)
    SWPMI1_IRQHandler                        0x080003b3   Thumb Code     0  startup_stm32h743xx.o(.text)
    TAMP_STAMP_IRQHandler                    0x080003b3   Thumb Code     0  startup_stm32h743xx.o(.text)
    TIM15_IRQHandler                         0x080003b3   Thumb Code     0  startup_stm32h743xx.o(.text)
    TIM16_IRQHandler                         0x080003b3   Thumb Code     0  startup_stm32h743xx.o(.text)
    TIM17_IRQHandler                         0x080003b3   Thumb Code     0  startup_stm32h743xx.o(.text)
    TIM1_BRK_IRQHandler                      0x080003b3   Thumb Code     0  startup_stm32h743xx.o(.text)
    TIM1_CC_IRQHandler                       0x080003b3   Thumb Code     0  startup_stm32h743xx.o(.text)
    TIM1_TRG_COM_IRQHandler                  0x080003b3   Thumb Code     0  startup_stm32h743xx.o(.text)
    TIM1_UP_IRQHandler                       0x080003b3   Thumb Code     0  startup_stm32h743xx.o(.text)
    TIM2_IRQHandler                          0x080003b3   Thumb Code     0  startup_stm32h743xx.o(.text)
    TIM4_IRQHandler                          0x080003b3   Thumb Code     0  startup_stm32h743xx.o(.text)
    TIM5_IRQHandler                          0x080003b3   Thumb Code     0  startup_stm32h743xx.o(.text)
    TIM6_DAC_IRQHandler                      0x080003b3   Thumb Code     0  startup_stm32h743xx.o(.text)
    TIM7_IRQHandler                          0x080003b3   Thumb Code     0  startup_stm32h743xx.o(.text)
    TIM8_BRK_TIM12_IRQHandler                0x080003b3   Thumb Code     0  startup_stm32h743xx.o(.text)
    TIM8_CC_IRQHandler                       0x080003b3   Thumb Code     0  startup_stm32h743xx.o(.text)
    TIM8_TRG_COM_TIM14_IRQHandler            0x080003b3   Thumb Code     0  startup_stm32h743xx.o(.text)
    TIM8_UP_TIM13_IRQHandler                 0x080003b3   Thumb Code     0  startup_stm32h743xx.o(.text)
    UART8_IRQHandler                         0x080003b3   Thumb Code     0  startup_stm32h743xx.o(.text)
    USART1_IRQHandler                        0x080003b3   Thumb Code     0  startup_stm32h743xx.o(.text)
    USART2_IRQHandler                        0x080003b3   Thumb Code     0  startup_stm32h743xx.o(.text)
    USART3_IRQHandler                        0x080003b3   Thumb Code     0  startup_stm32h743xx.o(.text)
    USART6_IRQHandler                        0x080003b3   Thumb Code     0  startup_stm32h743xx.o(.text)
    WAKEUP_PIN_IRQHandler                    0x080003b3   Thumb Code     0  startup_stm32h743xx.o(.text)
    WWDG_IRQHandler                          0x080003b3   Thumb Code     0  startup_stm32h743xx.o(.text)
    __user_initial_stackheap                 0x080003b5   Thumb Code     0  startup_stm32h743xx.o(.text)
    __aeabi_uldivmod                         0x080003dd   Thumb Code     0  lludivv7m.o(.text)
    _ll_udiv                                 0x080003dd   Thumb Code   240  lludivv7m.o(.text)
    __2sprintf                               0x080004cd   Thumb Code    38  __2sprintf.o(.text)
    _printf_str                              0x080004f9   Thumb Code    82  _printf_str.o(.text)
    _printf_int_dec                          0x0800054d   Thumb Code   104  _printf_dec.o(.text)
    __printf                                 0x080005c5   Thumb Code   270  __printf_wp.o(.text)
    __0sscanf                                0x080006d5   Thumb Code    52  __0sscanf.o(.text)
    _scanf_string                            0x08000711   Thumb Code   224  _scanf_str.o(.text)
    __aeabi_memclr4                          0x080007f1   Thumb Code     0  rt_memclr_w.o(.text)
    __aeabi_memclr8                          0x080007f1   Thumb Code     0  rt_memclr_w.o(.text)
    __rt_memclr_w                            0x080007f1   Thumb Code     0  rt_memclr_w.o(.text)
    _memset_w                                0x080007f5   Thumb Code    74  rt_memclr_w.o(.text)
    strcmp                                   0x08000841   Thumb Code   124  strcmpv7m_pel.o(.text)
    __use_two_region_memory                  0x080008bd   Thumb Code     2  heapauxi.o(.text)
    __rt_heap_escrow                         0x080008bf   Thumb Code     2  heapauxi.o(.text)
    __rt_heap_expand                         0x080008c1   Thumb Code     2  heapauxi.o(.text)
    __read_errno                             0x080008c3   Thumb Code    10  _rserrno.o(.text)
    __set_errno                              0x080008cd   Thumb Code    12  _rserrno.o(.text)
    _printf_int_common                       0x080008d9   Thumb Code   178  _printf_intcommon.o(.text)
    _printf_fp_dec_real                      0x08000b3b   Thumb Code   620  _printf_fp_dec.o(.text)
    _printf_char_common                      0x08000db3   Thumb Code    32  _printf_char_common.o(.text)
    _sputc                                   0x08000dd9   Thumb Code    10  _sputc.o(.text)
    _printf_cs_common                        0x08000de3   Thumb Code    20  _printf_char.o(.text)
    _printf_char                             0x08000df7   Thumb Code    16  _printf_char.o(.text)
    _printf_string                           0x08000e07   Thumb Code     8  _printf_char.o(.text)
    _scanf_really_real                       0x0800105d   Thumb Code   684  scanf_fp.o(.text)
    __vfscanf_char                           0x08001315   Thumb Code    24  scanf_char.o(.text)
    _sgetc                                   0x08001335   Thumb Code    30  _sgetc.o(.text)
    _sbackspace                              0x08001353   Thumb Code    34  _sgetc.o(.text)
    __user_libspace                          0x08001375   Thumb Code     8  libspace.o(.text)
    __user_perproc_libspace                  0x08001375   Thumb Code     0  libspace.o(.text)
    __user_perthread_libspace                0x08001375   Thumb Code     0  libspace.o(.text)
    __rt_locale                              0x0800137d   Thumb Code     8  rt_locale_intlibspace.o(.text)
    __aeabi_errno_addr                       0x08001385   Thumb Code     8  rt_errno_addr_intlibspace.o(.text)
    __errno$intlibspace                      0x08001385   Thumb Code     0  rt_errno_addr_intlibspace.o(.text)
    __rt_errno_addr$intlibspace              0x08001385   Thumb Code     0  rt_errno_addr_intlibspace.o(.text)
    __aeabi_llsl                             0x0800138d   Thumb Code     0  llshl.o(.text)
    _ll_shift_l                              0x0800138d   Thumb Code    38  llshl.o(.text)
    _ll_udiv10                               0x080013b3   Thumb Code   138  lludiv10.o(.text)
    isspace                                  0x0800143d   Thumb Code    18  isspace.o(.text)
    _printf_fp_infnan                        0x08001451   Thumb Code   112  _printf_fp_infnan.o(.text)
    __vfscanf                                0x080014d1   Thumb Code   878  _scanf.o(.text)
    _btod_etento                             0x08001845   Thumb Code   224  bigflt0.o(.text)
    __I$use$semihosting                      0x08001929   Thumb Code     0  use_no_semi.o(.text)
    __use_no_semihosting_swi                 0x08001929   Thumb Code     2  use_no_semi.o(.text)
    __semihosting_library_function           0x0800192b   Thumb Code     0  indicate_semi.o(.text)
    __user_setup_stackheap                   0x0800192b   Thumb Code    74  sys_stackheap_outer.o(.text)
    __rt_ctype_table                         0x08001975   Thumb Code    16  rt_ctype_table.o(.text)
    _scanf_really_hex_real                   0x08001985   Thumb Code   786  scanf_hexfp.o(.text)
    _scanf_really_infnan                     0x08001ca5   Thumb Code   292  scanf_infnan.o(.text)
    exit                                     0x08001dd9   Thumb Code    18  exit.o(.text)
    _sys_exit                                0x08001ded   Thumb Code     8  sys_exit.o(.text)
    _chval                                   0x08001df9   Thumb Code    28  _chval.o(.text)
    ADC_ConfigureBoostMode                   0x08001e19   Thumb Code   300  stm32h7xx_hal_adc.o(.text.ADC_ConfigureBoostMode)
    ADC_ConversionStop                       0x08001f49   Thumb Code   244  stm32h7xx_hal_adc.o(.text.ADC_ConversionStop)
    ADC_Enable                               0x08002041   Thumb Code   170  stm32h7xx_hal_adc.o(.text.ADC_Enable)
    BusFault_Handler                         0x080020f1   Thumb Code     2  stm32h7xx_it.o(.text.BusFault_Handler)
    DMA1_Stream0_IRQHandler                  0x080020f9   Thumb Code    12  stm32h7xx_it.o(.text.DMA1_Stream0_IRQHandler)
    DMA1_Stream1_IRQHandler                  0x08002109   Thumb Code    12  stm32h7xx_it.o(.text.DMA1_Stream1_IRQHandler)
    DMA1_Stream2_IRQHandler                  0x08002119   Thumb Code    12  stm32h7xx_it.o(.text.DMA1_Stream2_IRQHandler)
    DMA1_Stream3_IRQHandler                  0x08002129   Thumb Code    12  stm32h7xx_it.o(.text.DMA1_Stream3_IRQHandler)
    DMA1_Stream4_IRQHandler                  0x08002139   Thumb Code    12  stm32h7xx_it.o(.text.DMA1_Stream4_IRQHandler)
    DebugMon_Handler                         0x08002579   Thumb Code     2  stm32h7xx_it.o(.text.DebugMon_Handler)
    Driver_Delay_ms                          0x08002581   Thumb Code     4  dev_config.o(.text.Driver_Delay_ms)
    Error_Handler                            0x08002589   Thumb Code    10  main.o(.text.Error_Handler)
    ExitRun0Mode                             0x08002599   Thumb Code    44  system_stm32h7xx.o(.text.ExitRun0Mode)
    Fall_Probability                         0x080025c9   Thumb Code   468  jy62.o(.text.Fall_Probability)
    HAL_ADCEx_MultiModeConfigChannel         0x080027c1   Thumb Code   184  stm32h7xx_hal_adc_ex.o(.text.HAL_ADCEx_MultiModeConfigChannel)
    HAL_ADC_ConfigChannel                    0x08002879   Thumb Code  1264  stm32h7xx_hal_adc.o(.text.HAL_ADC_ConfigChannel)
    HAL_ADC_GetValue                         0x08002d69   Thumb Code     6  stm32h7xx_hal_adc.o(.text.HAL_ADC_GetValue)
    HAL_ADC_Init                             0x08002d71   Thumb Code   598  stm32h7xx_hal_adc.o(.text.HAL_ADC_Init)
    HAL_ADC_MspInit                          0x08002fc9   Thumb Code   166  adc.o(.text.HAL_ADC_MspInit)
    HAL_ADC_PollForConversion                0x08003071   Thumb Code   360  stm32h7xx_hal_adc.o(.text.HAL_ADC_PollForConversion)
    HAL_ADC_Start                            0x080031d9   Thumb Code   262  stm32h7xx_hal_adc.o(.text.HAL_ADC_Start)
    HAL_ADC_Stop                             0x080032e1   Thumb Code   180  stm32h7xx_hal_adc.o(.text.HAL_ADC_Stop)
    HAL_DMA_Abort                            0x08003399   Thumb Code  1318  stm32h7xx_hal_dma.o(.text.HAL_DMA_Abort)
    HAL_DMA_Abort_IT                         0x080038c1   Thumb Code   694  stm32h7xx_hal_dma.o(.text.HAL_DMA_Abort_IT)
    HAL_DMA_GetError                         0x08003b79   Thumb Code     4  stm32h7xx_hal_dma.o(.text.HAL_DMA_GetError)
    HAL_DMA_IRQHandler                       0x08003b81   Thumb Code  2072  stm32h7xx_hal_dma.o(.text.HAL_DMA_IRQHandler)
    HAL_DMA_Init                             0x08004399   Thumb Code  1630  stm32h7xx_hal_dma.o(.text.HAL_DMA_Init)
    HAL_DMA_Start_IT                         0x080049f9   Thumb Code   938  stm32h7xx_hal_dma.o(.text.HAL_DMA_Start_IT)
    HAL_Delay                                0x08004da9   Thumb Code    40  stm32h7xx_hal.o(.text.HAL_Delay)
    HAL_GPIO_Init                            0x08004dd1   Thumb Code   422  stm32h7xx_hal_gpio.o(.text.HAL_GPIO_Init)
    HAL_GPIO_TogglePin                       0x08004f79   Thumb Code    16  stm32h7xx_hal_gpio.o(.text.HAL_GPIO_TogglePin)
    HAL_GPIO_WritePin                        0x08004f89   Thumb Code    10  stm32h7xx_hal_gpio.o(.text.HAL_GPIO_WritePin)
    HAL_GetREVID                             0x08004f99   Thumb Code    14  stm32h7xx_hal.o(.text.HAL_GetREVID)
    HAL_GetTick                              0x08004fa9   Thumb Code    12  stm32h7xx_hal.o(.text.HAL_GetTick)
    HAL_IncTick                              0x08004fb9   Thumb Code    26  stm32h7xx_hal.o(.text.HAL_IncTick)
    HAL_Init                                 0x08004fd9   Thumb Code   100  stm32h7xx_hal.o(.text.HAL_Init)
    HAL_InitTick                             0x08005041   Thumb Code    80  stm32h7xx_hal.o(.text.HAL_InitTick)
    HAL_MPU_ConfigRegion                     0x08005091   Thumb Code    94  stm32h7xx_hal_cortex.o(.text.HAL_MPU_ConfigRegion)
    HAL_MPU_Disable                          0x080050f1   Thumb Code    26  stm32h7xx_hal_cortex.o(.text.HAL_MPU_Disable)
    HAL_MPU_Enable                           0x08005111   Thumb Code    32  stm32h7xx_hal_cortex.o(.text.HAL_MPU_Enable)
    HAL_MspInit                              0x08005131   Thumb Code    32  stm32h7xx_hal_msp.o(.text.HAL_MspInit)
    HAL_NVIC_EnableIRQ                       0x08005151   Thumb Code    34  stm32h7xx_hal_cortex.o(.text.HAL_NVIC_EnableIRQ)
    HAL_NVIC_SetPriority                     0x08005179   Thumb Code    90  stm32h7xx_hal_cortex.o(.text.HAL_NVIC_SetPriority)
    HAL_NVIC_SetPriorityGrouping             0x080051d9   Thumb Code    32  stm32h7xx_hal_cortex.o(.text.HAL_NVIC_SetPriorityGrouping)
    HAL_PWREx_ConfigSupply                   0x080051f9   Thumb Code    76  stm32h7xx_hal_pwr_ex.o(.text.HAL_PWREx_ConfigSupply)
    HAL_RCCEx_GetD3PCLK1Freq                 0x08005249   Thumb Code    38  stm32h7xx_hal_rcc_ex.o(.text.HAL_RCCEx_GetD3PCLK1Freq)
    HAL_RCCEx_GetPLL1ClockFreq               0x08005271   Thumb Code   280  stm32h7xx_hal_rcc_ex.o(.text.HAL_RCCEx_GetPLL1ClockFreq)
    HAL_RCCEx_GetPLL2ClockFreq               0x080053a1   Thumb Code   280  stm32h7xx_hal_rcc_ex.o(.text.HAL_RCCEx_GetPLL2ClockFreq)
    HAL_RCCEx_GetPLL3ClockFreq               0x080054c9   Thumb Code   280  stm32h7xx_hal_rcc_ex.o(.text.HAL_RCCEx_GetPLL3ClockFreq)
    HAL_RCCEx_GetPeriphCLKFreq               0x080055f1   Thumb Code   940  stm32h7xx_hal_rcc_ex.o(.text.HAL_RCCEx_GetPeriphCLKFreq)
    HAL_RCCEx_PeriphCLKConfig                0x080059a1   Thumb Code  2828  stm32h7xx_hal_rcc_ex.o(.text.HAL_RCCEx_PeriphCLKConfig)
    HAL_RCC_ClockConfig                      0x080064b1   Thumb Code   596  stm32h7xx_hal_rcc.o(.text.HAL_RCC_ClockConfig)
    HAL_RCC_GetHCLKFreq                      0x08006709   Thumb Code    76  stm32h7xx_hal_rcc.o(.text.HAL_RCC_GetHCLKFreq)
    HAL_RCC_GetPCLK1Freq                     0x08006759   Thumb Code    96  stm32h7xx_hal_rcc.o(.text.HAL_RCC_GetPCLK1Freq)
    HAL_RCC_GetPCLK2Freq                     0x080067b9   Thumb Code    96  stm32h7xx_hal_rcc.o(.text.HAL_RCC_GetPCLK2Freq)
    HAL_RCC_GetSysClockFreq                  0x08006819   Thumb Code   264  stm32h7xx_hal_rcc.o(.text.HAL_RCC_GetSysClockFreq)
    HAL_RCC_OscConfig                        0x08006939   Thumb Code  1388  stm32h7xx_hal_rcc.o(.text.HAL_RCC_OscConfig)
    HAL_SPI_Init                             0x08006ea9   Thumb Code   444  stm32h7xx_hal_spi.o(.text.HAL_SPI_Init)
    HAL_SPI_MspInit                          0x08007069   Thumb Code   200  spi.o(.text.HAL_SPI_MspInit)
    HAL_SPI_Transmit                         0x08007131   Thumb Code   664  stm32h7xx_hal_spi.o(.text.HAL_SPI_Transmit)
    HAL_SYSTICK_Config                       0x080073c9   Thumb Code    46  stm32h7xx_hal_cortex.o(.text.HAL_SYSTICK_Config)
    HAL_TIMEx_Break2Callback                 0x080073f9   Thumb Code     2  stm32h7xx_hal_tim_ex.o(.text.HAL_TIMEx_Break2Callback)
    HAL_TIMEx_BreakCallback                  0x08007401   Thumb Code     2  stm32h7xx_hal_tim_ex.o(.text.HAL_TIMEx_BreakCallback)
    HAL_TIMEx_CommutCallback                 0x08007409   Thumb Code     2  stm32h7xx_hal_tim_ex.o(.text.HAL_TIMEx_CommutCallback)
    HAL_TIMEx_MasterConfigSynchronization    0x08007411   Thumb Code   206  stm32h7xx_hal_tim_ex.o(.text.HAL_TIMEx_MasterConfigSynchronization)
    HAL_TIM_Base_Init                        0x080074e1   Thumb Code    96  stm32h7xx_hal_tim.o(.text.HAL_TIM_Base_Init)
    HAL_TIM_Base_MspInit                     0x08007541   Thumb Code    68  tim.o(.text.HAL_TIM_Base_MspInit)
    HAL_TIM_Base_Start_IT                    0x08007589   Thumb Code   180  stm32h7xx_hal_tim.o(.text.HAL_TIM_Base_Start_IT)
    HAL_TIM_ConfigClockSource                0x08007641   Thumb Code   512  stm32h7xx_hal_tim.o(.text.HAL_TIM_ConfigClockSource)
    HAL_TIM_IC_CaptureCallback               0x08007841   Thumb Code     2  stm32h7xx_hal_tim.o(.text.HAL_TIM_IC_CaptureCallback)
    HAL_TIM_IRQHandler                       0x08007849   Thumb Code   364  stm32h7xx_hal_tim.o(.text.HAL_TIM_IRQHandler)
    HAL_TIM_OC_DelayElapsedCallback          0x080079b9   Thumb Code     2  stm32h7xx_hal_tim.o(.text.HAL_TIM_OC_DelayElapsedCallback)
    HAL_TIM_PWM_PulseFinishedCallback        0x080079c1   Thumb Code     2  stm32h7xx_hal_tim.o(.text.HAL_TIM_PWM_PulseFinishedCallback)
    HAL_TIM_PeriodElapsedCallback            0x080079c9   Thumb Code    46  main.o(.text.HAL_TIM_PeriodElapsedCallback)
    HAL_TIM_TriggerCallback                  0x080079f9   Thumb Code     2  stm32h7xx_hal_tim.o(.text.HAL_TIM_TriggerCallback)
    HAL_UARTEx_DisableFifoMode               0x08007a01   Thumb Code    54  stm32h7xx_hal_uart_ex.o(.text.HAL_UARTEx_DisableFifoMode)
    HAL_UARTEx_RxEventCallback               0x08007a39   Thumb Code     2  stm32h7xx_hal_uart.o(.text.HAL_UARTEx_RxEventCallback)
    HAL_UARTEx_RxFifoFullCallback            0x08007a41   Thumb Code     2  stm32h7xx_hal_uart_ex.o(.text.HAL_UARTEx_RxFifoFullCallback)
    HAL_UARTEx_SetRxFifoThreshold            0x08007a49   Thumb Code   140  stm32h7xx_hal_uart_ex.o(.text.HAL_UARTEx_SetRxFifoThreshold)
    HAL_UARTEx_SetTxFifoThreshold            0x08007ad9   Thumb Code   140  stm32h7xx_hal_uart_ex.o(.text.HAL_UARTEx_SetTxFifoThreshold)
    HAL_UARTEx_TxFifoEmptyCallback           0x08007b69   Thumb Code     2  stm32h7xx_hal_uart_ex.o(.text.HAL_UARTEx_TxFifoEmptyCallback)
    HAL_UARTEx_WakeupCallback                0x08007b71   Thumb Code     2  stm32h7xx_hal_uart_ex.o(.text.HAL_UARTEx_WakeupCallback)
    HAL_UART_DMAStop                         0x08007b79   Thumb Code   692  stm32h7xx_hal_uart.o(.text.HAL_UART_DMAStop)
    HAL_UART_ErrorCallback                   0x08007e31   Thumb Code     2  stm32h7xx_hal_uart.o(.text.HAL_UART_ErrorCallback)
    HAL_UART_IRQHandler                      0x08007e39   Thumb Code  1674  stm32h7xx_hal_uart.o(.text.HAL_UART_IRQHandler)
    HAL_UART_Init                            0x080084c9   Thumb Code   100  stm32h7xx_hal_uart.o(.text.HAL_UART_Init)
    HAL_UART_MspInit                         0x08008531   Thumb Code   696  usart.o(.text.HAL_UART_MspInit)
    HAL_UART_Receive_DMA                     0x080087e9   Thumb Code   516  stm32h7xx_hal_uart.o(.text.HAL_UART_Receive_DMA)
    HAL_UART_RxCpltCallback                  0x080089f1   Thumb Code     2  stm32h7xx_hal_uart.o(.text.HAL_UART_RxCpltCallback)
    HAL_UART_RxHalfCpltCallback              0x080089f9   Thumb Code     2  stm32h7xx_hal_uart.o(.text.HAL_UART_RxHalfCpltCallback)
    HAL_UART_Transmit_DMA                    0x08008a01   Thumb Code   236  stm32h7xx_hal_uart.o(.text.HAL_UART_Transmit_DMA)
    HAL_UART_TxCpltCallback                  0x08008af1   Thumb Code     2  stm32h7xx_hal_uart.o(.text.HAL_UART_TxCpltCallback)
    HAL_UART_TxHalfCpltCallback              0x08008af9   Thumb Code     2  stm32h7xx_hal_uart.o(.text.HAL_UART_TxHalfCpltCallback)
    HardFault_Handler                        0x08008b01   Thumb Code     2  stm32h7xx_it.o(.text.HardFault_Handler)
    HeartRate_Process                        0x08008b09   Thumb Code   432  heart_adc.o(.text.HeartRate_Process)
    JY62_Decode_Buffer                       0x08008cc1   Thumb Code   144  jy62.o(.text.JY62_Decode_Buffer)
    JY62_Decode_Process                      0x08008d51   Thumb Code   452  jy62.o(.text.JY62_Decode_Process)
    JY62_Init                                0x08008f29   Thumb Code   240  jy62.o(.text.JY62_Init)
    KalmanFilter_Init                        0x08009031   Thumb Code     6  filter.o(.text.KalmanFilter_Init)
    KalmanFilter_Update                      0x08009039   Thumb Code    66  filter.o(.text.KalmanFilter_Update)
    MX_ADC1_Init                             0x08009081   Thumb Code   168  adc.o(.text.MX_ADC1_Init)
    MX_DMA_Init                              0x08009129   Thumb Code   116  dma.o(.text.MX_DMA_Init)
    MX_GPIO_Init                             0x080091a1   Thumb Code   230  gpio.o(.text.MX_GPIO_Init)
    MX_SPI1_Init                             0x08009289   Thumb Code   108  spi.o(.text.MX_SPI1_Init)
    MX_TIM3_Init                             0x080092f9   Thumb Code   114  tim.o(.text.MX_TIM3_Init)
    MX_UART4_Init                            0x08009371   Thumb Code   124  usart.o(.text.MX_UART4_Init)
    MX_UART5_Init                            0x080093f1   Thumb Code   124  usart.o(.text.MX_UART5_Init)
    MX_UART7_Init                            0x08009471   Thumb Code   124  usart.o(.text.MX_UART7_Init)
    MemManage_Handler                        0x080094f1   Thumb Code     2  stm32h7xx_it.o(.text.MemManage_Handler)
    NMI_Handler                              0x080094f9   Thumb Code     2  stm32h7xx_it.o(.text.NMI_Handler)
    OLED_1IN51_Display                       0x08009501   Thumb Code   206  oled_1in51.o(.text.OLED_1IN51_Display)
    OLED_1IN51_Init                          0x080095d1   Thumb Code   800  oled_1in51.o(.text.OLED_1IN51_Init)
    PT1Filter_InitWithFreq                   0x080098f1   Thumb Code    44  filter.o(.text.PT1Filter_InitWithFreq)
    Paint_ClearWindows                       0x08009921   Thumb Code    68  gui_paint.o(.text.Paint_ClearWindows)
    Paint_DrawChar                           0x08009969   Thumb Code   194  gui_paint.o(.text.Paint_DrawChar)
    Paint_DrawString_EN                      0x08009a31   Thumb Code   334  gui_paint.o(.text.Paint_DrawString_EN)
    Paint_NewImage                           0x08009b81   Thumb Code   106  gui_paint.o(.text.Paint_NewImage)
    Paint_SelectImage                        0x08009bf1   Thumb Code    12  gui_paint.o(.text.Paint_SelectImage)
    Paint_SetPixel                           0x08009c01   Thumb Code   402  gui_paint.o(.text.Paint_SetPixel)
    PendSV_Handler                           0x08009d99   Thumb Code     2  stm32h7xx_it.o(.text.PendSV_Handler)
    Process_All_Data                         0x08009da1   Thumb Code   220  aspro.o(.text.Process_All_Data)
    SPI4W_Write_Byte                         0x0800a111   Thumb Code    36  dev_config.o(.text.SPI4W_Write_Byte)
    SVC_Handler                              0x0800a209   Thumb Code     2  stm32h7xx_it.o(.text.SVC_Handler)
    SysTick_Handler                          0x0800a211   Thumb Code     4  stm32h7xx_it.o(.text.SysTick_Handler)
    SystemClock_Config                       0x0800a219   Thumb Code   224  main.o(.text.SystemClock_Config)
    SystemInit                               0x0800a2f9   Thumb Code   238  system_stm32h7xx.o(.text.SystemInit)
    System_Init                              0x0800a3e9   Thumb Code    46  dev_config.o(.text.System_Init)
    TIM3_IRQHandler                          0x0800a419   Thumb Code    12  stm32h7xx_it.o(.text.TIM3_IRQHandler)
    TIM_Base_SetConfig                       0x0800a429   Thumb Code   334  stm32h7xx_hal_tim.o(.text.TIM_Base_SetConfig)
    UART4_IRQHandler                         0x0800a579   Thumb Code   106  stm32h7xx_it.o(.text.UART4_IRQHandler)
    UART5_IRQHandler                         0x0800a5e9   Thumb Code   102  stm32h7xx_it.o(.text.UART5_IRQHandler)
    UART7_IRQHandler                         0x0800a651   Thumb Code   112  stm32h7xx_it.o(.text.UART7_IRQHandler)
    UART_AdvFeatureConfig                    0x0800a6c1   Thumb Code   224  stm32h7xx_hal_uart.o(.text.UART_AdvFeatureConfig)
    UART_CheckIdleState                      0x0800a7a1   Thumb Code   366  stm32h7xx_hal_uart.o(.text.UART_CheckIdleState)
    UART_SetConfig                           0x0800ad79   Thumb Code  1152  stm32h7xx_hal_uart.o(.text.UART_SetConfig)
    UART_WaitOnFlagUntilTimeout              0x0800b201   Thumb Code   856  stm32h7xx_hal_uart.o(.text.UART_WaitOnFlagUntilTimeout)
    UsageFault_Handler                       0x0800b559   Thumb Code     2  stm32h7xx_it.o(.text.UsageFault_Handler)
    main                                     0x0800b561   Thumb Code   740  main.o(.text.main)
    pt2FilterApply                           0x0800b861   Thumb Code   108  filter.o(.text.pt2FilterApply)
    pt2FilterInit                            0x0800b8d1   Thumb Code   180  filter.o(.text.pt2FilterInit)
    _btod_d2e                                0x0800b991   Thumb Code    62  btod.o(CL$$btod_d2e)
    _d2e_denorm_low                          0x0800b9cf   Thumb Code    70  btod.o(CL$$btod_d2e_denorm_low)
    _d2e_norm_op1                            0x0800ba15   Thumb Code    96  btod.o(CL$$btod_d2e_norm_op1)
    __btod_div_common                        0x0800ba75   Thumb Code   696  btod.o(CL$$btod_div_common)
    _e2d                                     0x0800bdad   Thumb Code   122  btod.o(CL$$btod_e2d)
    _e2e                                     0x0800be31   Thumb Code   220  btod.o(CL$$btod_e2e)
    _btod_ediv                               0x0800bf0d   Thumb Code    42  btod.o(CL$$btod_ediv)
    _btod_edivd                              0x0800bf37   Thumb Code    42  btod.o(CL$$btod_edivd)
    _btod_emul                               0x0800bf61   Thumb Code    42  btod.o(CL$$btod_emul)
    _btod_emuld                              0x0800bf8b   Thumb Code    42  btod.o(CL$$btod_emuld)
    __btod_mult_common                       0x0800bfb5   Thumb Code   580  btod.o(CL$$btod_mult_common)
    __ARM_fpclassify                         0x0800c1f9   Thumb Code    48  fpclassify.o(i.__ARM_fpclassify)
    __ARM_fpclassifyf                        0x0800c229   Thumb Code    38  fpclassifyf.o(i.__ARM_fpclassifyf)
    __hardfp___mathlib_tofloat               0x0800c251   Thumb Code   186  narrow.o(i.__hardfp___mathlib_tofloat)
    __hardfp_cosf                            0x0800c315   Thumb Code   280  cosf.o(i.__hardfp_cosf)
    __hardfp_sinf                            0x0800c465   Thumb Code   344  sinf.o(i.__hardfp_sinf)
    __hardfp_tanf                            0x0800c5f5   Thumb Code   322  tanf.o(i.__hardfp_tanf)
    __mathlib_dbl_overflow                   0x0800c771   Thumb Code    10  dunder.o(i.__mathlib_dbl_overflow)
    __mathlib_dbl_underflow                  0x0800c789   Thumb Code    10  dunder.o(i.__mathlib_dbl_underflow)
    __mathlib_flt_infnan                     0x0800c7a1   Thumb Code     6  funder.o(i.__mathlib_flt_infnan)
    __mathlib_flt_invalid                    0x0800c7a9   Thumb Code    10  funder.o(i.__mathlib_flt_invalid)
    __mathlib_flt_underflow                  0x0800c7b9   Thumb Code    10  funder.o(i.__mathlib_flt_underflow)
    __mathlib_narrow                         0x0800c7c9   Thumb Code    18  narrow.o(i.__mathlib_narrow)
    __mathlib_rredf2                         0x0800c7dd   Thumb Code   316  rredf.o(i.__mathlib_rredf2)
    __support_ldexp                          0x0800c931   Thumb Code   166  ldexp.o(i.__support_ldexp)
    _is_digit                                0x0800c9d7   Thumb Code    14  __printf_wp.o(i._is_digit)
    frexp                                    0x0800c9e9   Thumb Code   118  frexp.o(i.frexp)
    _get_lc_numeric                          0x0800ca75   Thumb Code    44  lc_numeric_c.o(locale$$code)
    _get_lc_ctype                            0x0800caa1   Thumb Code    44  lc_ctype_c.o(locale$$code)
    __fpl_dcheck_NaN1                        0x0800cacd   Thumb Code    10  dcheck1.o(x$fpl$dcheck1)
    _fp_init                                 0x0800cadd   Thumb Code    26  fpinit.o(x$fpl$fpinit)
    __fplib_config_fpu_vfp                   0x0800caf5   Thumb Code     0  fpinit.o(x$fpl$fpinit)
    __fplib_config_pureend_doubles           0x0800caf5   Thumb Code     0  fpinit.o(x$fpl$fpinit)
    __ieee_status                            0x0800caf7   Thumb Code     6  istatus.o(x$fpl$ieeestatus)
    _printf_fp_dec                           0x0800cafd   Thumb Code     4  printf1.o(x$fpl$printf1)
    __fpl_return_NaN                         0x0800cb01   Thumb Code   100  retnan.o(x$fpl$retnan)
    __ARM_scalbn                             0x0800cb65   Thumb Code    92  scalbn.o(x$fpl$scalbn)
    _scanf_real                              0x0800cbc1   Thumb Code     4  scanf1.o(x$fpl$scanf1)
    _scanf_hex_real                          0x0800cbc5   Thumb Code     4  scanf2.o(x$fpl$scanf2)
    _scanf_infnan                            0x0800cbc9   Thumb Code     4  scanf2.o(x$fpl$scanf2)
    __fpl_cmpreturn                          0x0800cbcd   Thumb Code    48  trapv.o(x$fpl$trapveneer)
    __I$use$fp                               0x0800cbfc   Number         0  usenofp.o(x$fpl$usenofp)
    D1CorePrescTable                         0x0800ccbc   Data          16  system_stm32h7xx.o(.rodata.D1CorePrescTable)
    Font16_Table                             0x0800cccc   Data        3040  font16.o(.rodata.Font16_Table)
    Font8_Table                              0x0800d8ac   Data         760  font8.o(.rodata.Font8_Table)
    UARTPrescTable                           0x0800dba4   Data          24  stm32h7xx_hal_uart.o(.rodata.UARTPrescTable)
    Region$$Table$$Base                      0x0800dbfc   Number         0  anon$$obj.o(Region$$Table)
    Region$$Table$$Limit                     0x0800dc1c   Number         0  anon$$obj.o(Region$$Table)
    __aeabi_HUGE_VAL                         0x0800dc1c   Data           0  fpconst.o(c$$dinf)
    __aeabi_HUGE_VALL                        0x0800dc1c   Data           0  fpconst.o(c$$dinf)
    __aeabi_INFINITY                         0x0800dc1c   Data           0  fpconst.o(c$$dinf)
    __dInf                                   0x0800dc1c   Data           0  fpconst.o(c$$dinf)
    __huge_val                               0x0800dc1c   Data           0  fpconst.o(c$$dinf)
    __dbl_max                                0x0800dc24   Data           0  fpconst.o(c$$dmax)
    __ctype                                  0x0800dc55   Data           0  lc_ctype_c.o(locale$$data)
    uwTickFreq                               0x24000000   Data           1  stm32h7xx_hal.o(.data..L_MergedGlobals)
    uwTickPrio                               0x24000004   Data           4  stm32h7xx_hal.o(.data..L_MergedGlobals)
    SystemCoreClock                          0x24000008   Data           4  system_stm32h7xx.o(.data..L_MergedGlobals)
    SystemD2Clock                            0x2400000c   Data           4  system_stm32h7xx.o(.data..L_MergedGlobals)
    IBI                                      0x24000010   Data           2  heart_adc.o(.data..L_MergedGlobals)
    Font16                                   0x24000018   Data           8  font16.o(.data.Font16)
    Font8                                    0x24000020   Data           8  font8.o(.data.Font8)
    map                                      0x24000028   Data          56  aspro.o(.data.map)
    __libspace_start                         0x24000060   Data          96  libspace.o(.bss)
    __temporary_stack_top$libspace           0x240000c0   Data           0  libspace.o(.bss)
    flag                                     0x240000c0   Data           1  main.o(.bss..L_MergedGlobals)
    AS_len                                   0x240000c1   Data           1  main.o(.bss..L_MergedGlobals)
    light_time                               0x240000c2   Data           1  main.o(.bss..L_MergedGlobals)
    len                                      0x240000c4   Data           2  main.o(.bss..L_MergedGlobals)
    light_pin                                0x240000c6   Data           2  main.o(.bss..L_MergedGlobals)
    last_display_tick                        0x240000c8   Data           4  main.o(.bss..L_MergedGlobals)
    last_jy_tick                             0x240000cc   Data           4  main.o(.bss..L_MergedGlobals)
    last_aspro_tick                          0x240000d0   Data           4  main.o(.bss..L_MergedGlobals)
    AS_rx_buffer                             0x240000d4   Data          10  main.o(.bss..L_MergedGlobals)
    fall                                     0x240000de   Data          30  main.o(.bss..L_MergedGlobals)
    display_buf                              0x240000fc   Data          30  main.o(.bss..L_MergedGlobals)
    QS                                       0x2400011c   Data           1  heart_adc.o(.bss..L_MergedGlobals.1)
    BPM                                      0x24000120   Data           2  heart_adc.o(.bss..L_MergedGlobals.1)
    AS_buffer                                0x24000140   Data          64  main.o(.bss.AS_buffer)
    BlackImage                               0x24000180   Data        1024  main.o(.bss.BlackImage)
    Paint                                    0x24000584   Data          24  gui_paint.o(.bss.Paint)
    Rx_buffer                                0x2400059c   Data          64  main.o(.bss.Rx_buffer)
    Rx_len                                   0x240005dc   Data           1  main.o(.bss.Rx_len)
    hadc1                                    0x240005e0   Data         100  adc.o(.bss.hadc1)
    hdma_uart4_rx                            0x24000644   Data         120  usart.o(.bss.hdma_uart4_rx)
    hdma_uart4_tx                            0x240006bc   Data         120  usart.o(.bss.hdma_uart4_tx)
    hdma_uart5_rx                            0x24000734   Data         120  usart.o(.bss.hdma_uart5_rx)
    hdma_uart7_rx                            0x240007ac   Data         120  usart.o(.bss.hdma_uart7_rx)
    hdma_uart7_tx                            0x24000824   Data         120  usart.o(.bss.hdma_uart7_tx)
    hspi1                                    0x2400089c   Data         136  spi.o(.bss.hspi1)
    htim3                                    0x24000924   Data          76  tim.o(.bss.htim3)
    huart4                                   0x24000970   Data         148  usart.o(.bss.huart4)
    huart5                                   0x24000a04   Data         148  usart.o(.bss.huart5)
    huart7                                   0x24000a98   Data         148  usart.o(.bss.huart7)
    jy62                                     0x24000b2c   Data         532  main.o(.bss.jy62)
    uwTick                                   0x24000d40   Data           4  stm32h7xx_hal.o(.bss.uwTick)



==============================================================================

Memory Map of the image

  Image Entry point : 0x08000299

  Load Region LR_IROM1 (Base: 0x08000000, Size: 0x0000ddb8, Max: 0x00200000, ABSOLUTE)

    Execution Region ER_IROM1 (Exec base: 0x08000000, Load base: 0x08000000, Size: 0x0000dd58, Max: 0x00200000, ABSOLUTE)

    Exec Addr    Load Addr    Size         Type   Attr      Idx    E Section Name        Object

    0x08000000   0x08000000   0x00000298   Data   RO            3    RESET               startup_stm32h743xx.o
    0x08000298   0x08000298   0x00000008   Code   RO         2102  * !!!main             c_w.l(__main.o)
    0x080002a0   0x080002a0   0x0000005c   Code   RO         2586    !!!scatter          c_w.l(__scatter.o)
    0x080002fc   0x080002fc   0x0000001a   Code   RO         2590    !!handler_copy      c_w.l(__scatter_copy.o)
    0x08000316   0x08000316   0x00000002   PAD
    0x08000318   0x08000318   0x00000002   Code   RO         2587    !!handler_null      c_w.l(__scatter.o)
    0x0800031a   0x0800031a   0x00000002   PAD
    0x0800031c   0x0800031c   0x0000001c   Code   RO         2592    !!handler_zi        c_w.l(__scatter_zi.o)
    0x08000338   0x08000338   0x00000000   Code   RO         2087    .ARM.Collect$$_printf_percent$$00000000  c_w.l(_printf_percent.o)
    0x08000338   0x08000338   0x00000006   Code   RO         2086    .ARM.Collect$$_printf_percent$$00000003  c_w.l(_printf_f.o)
    0x0800033e   0x0800033e   0x00000006   Code   RO         2085    .ARM.Collect$$_printf_percent$$00000009  c_w.l(_printf_d.o)
    0x08000344   0x08000344   0x00000006   Code   RO         2084    .ARM.Collect$$_printf_percent$$00000013  c_w.l(_printf_c.o)
    0x0800034a   0x0800034a   0x00000004   Code   RO         2176    .ARM.Collect$$_printf_percent$$00000017  c_w.l(_printf_percent_end.o)
    0x0800034e   0x0800034e   0x00000002   Code   RO         2464    .ARM.Collect$$libinit$$00000000  c_w.l(libinit.o)
    0x08000350   0x08000350   0x00000004   Code   RO         2201    .ARM.Collect$$libinit$$00000001  c_w.l(libinit2.o)
    0x08000354   0x08000354   0x00000000   Code   RO         2204    .ARM.Collect$$libinit$$00000004  c_w.l(libinit2.o)
    0x08000354   0x08000354   0x00000000   Code   RO         2206    .ARM.Collect$$libinit$$00000006  c_w.l(libinit2.o)
    0x08000354   0x08000354   0x00000000   Code   RO         2209    .ARM.Collect$$libinit$$0000000C  c_w.l(libinit2.o)
    0x08000354   0x08000354   0x00000000   Code   RO         2211    .ARM.Collect$$libinit$$0000000E  c_w.l(libinit2.o)
    0x08000354   0x08000354   0x00000000   Code   RO         2213    .ARM.Collect$$libinit$$00000010  c_w.l(libinit2.o)
    0x08000354   0x08000354   0x00000006   Code   RO         2214    .ARM.Collect$$libinit$$00000011  c_w.l(libinit2.o)
    0x0800035a   0x0800035a   0x00000000   Code   RO         2216    .ARM.Collect$$libinit$$00000013  c_w.l(libinit2.o)
    0x0800035a   0x0800035a   0x0000000c   Code   RO         2217    .ARM.Collect$$libinit$$00000014  c_w.l(libinit2.o)
    0x08000366   0x08000366   0x00000000   Code   RO         2218    .ARM.Collect$$libinit$$00000015  c_w.l(libinit2.o)
    0x08000366   0x08000366   0x00000000   Code   RO         2220    .ARM.Collect$$libinit$$00000017  c_w.l(libinit2.o)
    0x08000366   0x08000366   0x0000000a   Code   RO         2221    .ARM.Collect$$libinit$$00000018  c_w.l(libinit2.o)
    0x08000370   0x08000370   0x00000000   Code   RO         2222    .ARM.Collect$$libinit$$00000019  c_w.l(libinit2.o)
    0x08000370   0x08000370   0x00000000   Code   RO         2224    .ARM.Collect$$libinit$$0000001B  c_w.l(libinit2.o)
    0x08000370   0x08000370   0x00000000   Code   RO         2226    .ARM.Collect$$libinit$$0000001D  c_w.l(libinit2.o)
    0x08000370   0x08000370   0x00000000   Code   RO         2228    .ARM.Collect$$libinit$$0000001F  c_w.l(libinit2.o)
    0x08000370   0x08000370   0x00000000   Code   RO         2230    .ARM.Collect$$libinit$$00000021  c_w.l(libinit2.o)
    0x08000370   0x08000370   0x00000000   Code   RO         2232    .ARM.Collect$$libinit$$00000023  c_w.l(libinit2.o)
    0x08000370   0x08000370   0x00000000   Code   RO         2234    .ARM.Collect$$libinit$$00000025  c_w.l(libinit2.o)
    0x08000370   0x08000370   0x00000000   Code   RO         2236    .ARM.Collect$$libinit$$00000027  c_w.l(libinit2.o)
    0x08000370   0x08000370   0x00000000   Code   RO         2240    .ARM.Collect$$libinit$$0000002E  c_w.l(libinit2.o)
    0x08000370   0x08000370   0x00000000   Code   RO         2242    .ARM.Collect$$libinit$$00000030  c_w.l(libinit2.o)
    0x08000370   0x08000370   0x00000000   Code   RO         2244    .ARM.Collect$$libinit$$00000032  c_w.l(libinit2.o)
    0x08000370   0x08000370   0x00000000   Code   RO         2246    .ARM.Collect$$libinit$$00000034  c_w.l(libinit2.o)
    0x08000370   0x08000370   0x00000002   Code   RO         2247    .ARM.Collect$$libinit$$00000035  c_w.l(libinit2.o)
    0x08000372   0x08000372   0x00000002   Code   RO         2577    .ARM.Collect$$libshutdown$$00000000  c_w.l(libshutdown.o)
    0x08000374   0x08000374   0x00000000   Code   RO         2466    .ARM.Collect$$libshutdown$$00000002  c_w.l(libshutdown2.o)
    0x08000374   0x08000374   0x00000000   Code   RO         2468    .ARM.Collect$$libshutdown$$00000004  c_w.l(libshutdown2.o)
    0x08000374   0x08000374   0x00000000   Code   RO         2471    .ARM.Collect$$libshutdown$$00000007  c_w.l(libshutdown2.o)
    0x08000374   0x08000374   0x00000000   Code   RO         2474    .ARM.Collect$$libshutdown$$0000000A  c_w.l(libshutdown2.o)
    0x08000374   0x08000374   0x00000000   Code   RO         2476    .ARM.Collect$$libshutdown$$0000000C  c_w.l(libshutdown2.o)
    0x08000374   0x08000374   0x00000000   Code   RO         2479    .ARM.Collect$$libshutdown$$0000000F  c_w.l(libshutdown2.o)
    0x08000374   0x08000374   0x00000002   Code   RO         2480    .ARM.Collect$$libshutdown$$00000010  c_w.l(libshutdown2.o)
    0x08000376   0x08000376   0x00000000   Code   RO         2128    .ARM.Collect$$rtentry$$00000000  c_w.l(__rtentry.o)
    0x08000376   0x08000376   0x00000000   Code   RO         2276    .ARM.Collect$$rtentry$$00000002  c_w.l(__rtentry2.o)
    0x08000376   0x08000376   0x00000006   Code   RO         2288    .ARM.Collect$$rtentry$$00000004  c_w.l(__rtentry4.o)
    0x0800037c   0x0800037c   0x00000000   Code   RO         2278    .ARM.Collect$$rtentry$$00000009  c_w.l(__rtentry2.o)
    0x0800037c   0x0800037c   0x00000004   Code   RO         2279    .ARM.Collect$$rtentry$$0000000A  c_w.l(__rtentry2.o)
    0x08000380   0x08000380   0x00000000   Code   RO         2281    .ARM.Collect$$rtentry$$0000000C  c_w.l(__rtentry2.o)
    0x08000380   0x08000380   0x00000008   Code   RO         2282    .ARM.Collect$$rtentry$$0000000D  c_w.l(__rtentry2.o)
    0x08000388   0x08000388   0x00000002   Code   RO         2491    .ARM.Collect$$rtexit$$00000000  c_w.l(rtexit.o)
    0x0800038a   0x0800038a   0x00000000   Code   RO         2537    .ARM.Collect$$rtexit$$00000002  c_w.l(rtexit2.o)
    0x0800038a   0x0800038a   0x00000004   Code   RO         2538    .ARM.Collect$$rtexit$$00000003  c_w.l(rtexit2.o)
    0x0800038e   0x0800038e   0x00000006   Code   RO         2539    .ARM.Collect$$rtexit$$00000004  c_w.l(rtexit2.o)
    0x08000394   0x08000394   0x00000048   Code   RO            4    .text               startup_stm32h743xx.o
    0x080003dc   0x080003dc   0x000000f0   Code   RO         2052    .text               c_w.l(lludivv7m.o)
    0x080004cc   0x080004cc   0x0000002c   Code   RO         2054    .text               c_w.l(__2sprintf.o)
    0x080004f8   0x080004f8   0x00000052   Code   RO         2060    .text               c_w.l(_printf_str.o)
    0x0800054a   0x0800054a   0x00000002   PAD
    0x0800054c   0x0800054c   0x00000078   Code   RO         2062    .text               c_w.l(_printf_dec.o)
    0x080005c4   0x080005c4   0x0000010e   Code   RO         2072    .text               c_w.l(__printf_wp.o)
    0x080006d2   0x080006d2   0x00000002   PAD
    0x080006d4   0x080006d4   0x0000003c   Code   RO         2088    .text               c_w.l(__0sscanf.o)
    0x08000710   0x08000710   0x000000e0   Code   RO         2090    .text               c_w.l(_scanf_str.o)
    0x080007f0   0x080007f0   0x0000004e   Code   RO         2096    .text               c_w.l(rt_memclr_w.o)
    0x0800083e   0x0800083e   0x00000002   PAD
    0x08000840   0x08000840   0x0000007c   Code   RO         2098    .text               c_w.l(strcmpv7m_pel.o)
    0x080008bc   0x080008bc   0x00000006   Code   RO         2100    .text               c_w.l(heapauxi.o)
    0x080008c2   0x080008c2   0x00000016   Code   RO         2162    .text               c_w.l(_rserrno.o)
    0x080008d8   0x080008d8   0x000000b2   Code   RO         2164    .text               c_w.l(_printf_intcommon.o)
    0x0800098a   0x0800098a   0x0000041c   Code   RO         2166    .text               c_w.l(_printf_fp_dec.o)
    0x08000da6   0x08000da6   0x00000002   PAD
    0x08000da8   0x08000da8   0x00000030   Code   RO         2170    .text               c_w.l(_printf_char_common.o)
    0x08000dd8   0x08000dd8   0x0000000a   Code   RO         2172    .text               c_w.l(_sputc.o)
    0x08000de2   0x08000de2   0x0000002c   Code   RO         2174    .text               c_w.l(_printf_char.o)
    0x08000e0e   0x08000e0e   0x00000002   PAD
    0x08000e10   0x08000e10   0x000004f8   Code   RO         2177    .text               c_w.l(scanf_fp.o)
    0x08001308   0x08001308   0x0000002c   Code   RO         2181    .text               c_w.l(scanf_char.o)
    0x08001334   0x08001334   0x00000040   Code   RO         2183    .text               c_w.l(_sgetc.o)
    0x08001374   0x08001374   0x00000008   Code   RO         2272    .text               c_w.l(libspace.o)
    0x0800137c   0x0800137c   0x00000008   Code   RO         2295    .text               c_w.l(rt_locale_intlibspace.o)
    0x08001384   0x08001384   0x00000008   Code   RO         2300    .text               c_w.l(rt_errno_addr_intlibspace.o)
    0x0800138c   0x0800138c   0x00000026   Code   RO         2310    .text               c_w.l(llshl.o)
    0x080013b2   0x080013b2   0x0000008a   Code   RO         2312    .text               c_w.l(lludiv10.o)
    0x0800143c   0x0800143c   0x00000012   Code   RO         2314    .text               c_w.l(isspace.o)
    0x0800144e   0x0800144e   0x00000002   PAD
    0x08001450   0x08001450   0x00000080   Code   RO         2316    .text               c_w.l(_printf_fp_infnan.o)
    0x080014d0   0x080014d0   0x00000374   Code   RO         2320    .text               c_w.l(_scanf.o)
    0x08001844   0x08001844   0x000000e4   Code   RO         2322    .text               c_w.l(bigflt0.o)
    0x08001928   0x08001928   0x00000002   Code   RO         2403    .text               c_w.l(use_no_semi.o)
    0x0800192a   0x0800192a   0x00000000   Code   RO         2405    .text               c_w.l(indicate_semi.o)
    0x0800192a   0x0800192a   0x0000004a   Code   RO         2406    .text               c_w.l(sys_stackheap_outer.o)
    0x08001974   0x08001974   0x00000010   Code   RO         2408    .text               c_w.l(rt_ctype_table.o)
    0x08001984   0x08001984   0x00000320   Code   RO         2414    .text               c_w.l(scanf_hexfp.o)
    0x08001ca4   0x08001ca4   0x00000134   Code   RO         2416    .text               c_w.l(scanf_infnan.o)
    0x08001dd8   0x08001dd8   0x00000012   Code   RO         2439    .text               c_w.l(exit.o)
    0x08001dea   0x08001dea   0x00000002   PAD
    0x08001dec   0x08001dec   0x0000000c   Code   RO         2487    .text               c_w.l(sys_exit.o)
    0x08001df8   0x08001df8   0x0000001c   Code   RO         2499    .text               c_w.l(_chval.o)
    0x08001e14   0x08001e14   0x00000004   PAD
    0x08001e18   0x08001e18   0x0000012c   Code   RO          180    .text.ADC_ConfigureBoostMode  stm32h7xx_hal_adc.o
    0x08001f44   0x08001f44   0x00000004   PAD
    0x08001f48   0x08001f48   0x000000f4   Code   RO          184    .text.ADC_ConversionStop  stm32h7xx_hal_adc.o
    0x0800203c   0x0800203c   0x00000004   PAD
    0x08002040   0x08002040   0x000000aa   Code   RO          192    .text.ADC_Enable    stm32h7xx_hal_adc.o
    0x080020ea   0x080020ea   0x00000006   PAD
    0x080020f0   0x080020f0   0x00000002   Code   RO          130    .text.BusFault_Handler  stm32h7xx_it.o
    0x080020f2   0x080020f2   0x00000006   PAD
    0x080020f8   0x080020f8   0x0000000c   Code   RO          142    .text.DMA1_Stream0_IRQHandler  stm32h7xx_it.o
    0x08002104   0x08002104   0x00000004   PAD
    0x08002108   0x08002108   0x0000000c   Code   RO          144    .text.DMA1_Stream1_IRQHandler  stm32h7xx_it.o
    0x08002114   0x08002114   0x00000004   PAD
    0x08002118   0x08002118   0x0000000c   Code   RO          146    .text.DMA1_Stream2_IRQHandler  stm32h7xx_it.o
    0x08002124   0x08002124   0x00000004   PAD
    0x08002128   0x08002128   0x0000000c   Code   RO          148    .text.DMA1_Stream3_IRQHandler  stm32h7xx_it.o
    0x08002134   0x08002134   0x00000004   PAD
    0x08002138   0x08002138   0x0000000c   Code   RO          150    .text.DMA1_Stream4_IRQHandler  stm32h7xx_it.o
    0x08002144   0x08002144   0x00000004   PAD
    0x08002148   0x08002148   0x00000128   Code   RO          531    .text.DMA_CalcBaseAndBitshift  stm32h7xx_hal_dma.o
    0x08002270   0x08002270   0x00000308   Code   RO          537    .text.DMA_SetConfig  stm32h7xx_hal_dma.o
    0x08002578   0x08002578   0x00000002   Code   RO          136    .text.DebugMon_Handler  stm32h7xx_it.o
    0x0800257a   0x0800257a   0x00000006   PAD
    0x08002580   0x08002580   0x00000004   Code   RO         1776    .text.Driver_Delay_ms  dev_config.o
    0x08002584   0x08002584   0x00000004   PAD
    0x08002588   0x08002588   0x0000000a   Code   RO           15    .text.Error_Handler  main.o
    0x08002592   0x08002592   0x00000006   PAD
    0x08002598   0x08002598   0x0000002c   Code   RO         1758    .text.ExitRun0Mode  system_stm32h7xx.o
    0x080025c4   0x080025c4   0x00000004   PAD
    0x080025c8   0x080025c8   0x000001f4   Code   RO         1973    .text.Fall_Probability  jy62.o
    0x080027bc   0x080027bc   0x00000004   PAD
    0x080027c0   0x080027c0   0x000000b8   Code   RO          292    .text.HAL_ADCEx_MultiModeConfigChannel  stm32h7xx_hal_adc_ex.o
    0x08002878   0x08002878   0x000004f0   Code   RO          226    .text.HAL_ADC_ConfigChannel  stm32h7xx_hal_adc.o
    0x08002d68   0x08002d68   0x00000006   Code   RO          214    .text.HAL_ADC_GetValue  stm32h7xx_hal_adc.o
    0x08002d6e   0x08002d6e   0x00000002   PAD
    0x08002d70   0x08002d70   0x00000256   Code   RO          176    .text.HAL_ADC_Init  stm32h7xx_hal_adc.o
    0x08002fc6   0x08002fc6   0x00000002   PAD
    0x08002fc8   0x08002fc8   0x000000a6   Code   RO           46    .text.HAL_ADC_MspInit  adc.o
    0x0800306e   0x0800306e   0x00000002   PAD
    0x08003070   0x08003070   0x00000168   Code   RO          196    .text.HAL_ADC_PollForConversion  stm32h7xx_hal_adc.o
    0x080031d8   0x080031d8   0x00000106   Code   RO          190    .text.HAL_ADC_Start  stm32h7xx_hal_adc.o
    0x080032de   0x080032de   0x00000002   PAD
    0x080032e0   0x080032e0   0x000000b4   Code   RO          194    .text.HAL_ADC_Stop  stm32h7xx_hal_adc.o
    0x08003394   0x08003394   0x00000004   PAD
    0x08003398   0x08003398   0x00000526   Code   RO          541    .text.HAL_DMA_Abort  stm32h7xx_hal_dma.o
    0x080038be   0x080038be   0x00000002   PAD
    0x080038c0   0x080038c0   0x000002b6   Code   RO          543    .text.HAL_DMA_Abort_IT  stm32h7xx_hal_dma.o
    0x08003b76   0x08003b76   0x00000002   PAD
    0x08003b78   0x08003b78   0x00000004   Code   RO          555    .text.HAL_DMA_GetError  stm32h7xx_hal_dma.o
    0x08003b7c   0x08003b7c   0x00000004   PAD
    0x08003b80   0x08003b80   0x00000818   Code   RO          547    .text.HAL_DMA_IRQHandler  stm32h7xx_hal_dma.o
    0x08004398   0x08004398   0x0000065e   Code   RO          529    .text.HAL_DMA_Init  stm32h7xx_hal_dma.o
    0x080049f6   0x080049f6   0x00000002   PAD
    0x080049f8   0x080049f8   0x000003aa   Code   RO          539    .text.HAL_DMA_Start_IT  stm32h7xx_hal_dma.o
    0x08004da2   0x08004da2   0x00000006   PAD
    0x08004da8   0x08004da8   0x00000028   Code   RO          839    .text.HAL_Delay     stm32h7xx_hal.o
    0x08004dd0   0x08004dd0   0x000001a6   Code   RO          475    .text.HAL_GPIO_Init  stm32h7xx_hal_gpio.o
    0x08004f76   0x08004f76   0x00000002   PAD
    0x08004f78   0x08004f78   0x00000010   Code   RO          483    .text.HAL_GPIO_TogglePin  stm32h7xx_hal_gpio.o
    0x08004f88   0x08004f88   0x0000000a   Code   RO          481    .text.HAL_GPIO_WritePin  stm32h7xx_hal_gpio.o
    0x08004f92   0x08004f92   0x00000006   PAD
    0x08004f98   0x08004f98   0x0000000e   Code   RO          847    .text.HAL_GetREVID  stm32h7xx_hal.o
    0x08004fa6   0x08004fa6   0x00000002   PAD
    0x08004fa8   0x08004fa8   0x0000000c   Code   RO          831    .text.HAL_GetTick   stm32h7xx_hal.o
    0x08004fb4   0x08004fb4   0x00000004   PAD
    0x08004fb8   0x08004fb8   0x0000001a   Code   RO          829    .text.HAL_IncTick   stm32h7xx_hal.o
    0x08004fd2   0x08004fd2   0x00000006   PAD
    0x08004fd8   0x08004fd8   0x00000064   Code   RO          819    .text.HAL_Init      stm32h7xx_hal.o
    0x0800503c   0x0800503c   0x00000004   PAD
    0x08005040   0x08005040   0x00000050   Code   RO          821    .text.HAL_InitTick  stm32h7xx_hal.o
    0x08005090   0x08005090   0x0000005e   Code   RO          789    .text.HAL_MPU_ConfigRegion  stm32h7xx_hal_cortex.o
    0x080050ee   0x080050ee   0x00000002   PAD
    0x080050f0   0x080050f0   0x0000001a   Code   RO          781    .text.HAL_MPU_Disable  stm32h7xx_hal_cortex.o
    0x0800510a   0x0800510a   0x00000006   PAD
    0x08005110   0x08005110   0x00000020   Code   RO          783    .text.HAL_MPU_Enable  stm32h7xx_hal_cortex.o
    0x08005130   0x08005130   0x00000020   Code   RO          168    .text.HAL_MspInit   stm32h7xx_hal_msp.o
    0x08005150   0x08005150   0x00000022   Code   RO          771    .text.HAL_NVIC_EnableIRQ  stm32h7xx_hal_cortex.o
    0x08005172   0x08005172   0x00000006   PAD
    0x08005178   0x08005178   0x0000005a   Code   RO          769    .text.HAL_NVIC_SetPriority  stm32h7xx_hal_cortex.o
    0x080051d2   0x080051d2   0x00000006   PAD
    0x080051d8   0x080051d8   0x00000020   Code   RO          767    .text.HAL_NVIC_SetPriorityGrouping  stm32h7xx_hal_cortex.o
    0x080051f8   0x080051f8   0x0000004c   Code   RO          679    .text.HAL_PWREx_ConfigSupply  stm32h7xx_hal_pwr_ex.o
    0x08005244   0x08005244   0x00000004   PAD
    0x08005248   0x08005248   0x00000026   Code   RO          362    .text.HAL_RCCEx_GetD3PCLK1Freq  stm32h7xx_hal_rcc_ex.o
    0x0800526e   0x0800526e   0x00000002   PAD
    0x08005270   0x08005270   0x0000012c   Code   RO          356    .text.HAL_RCCEx_GetPLL1ClockFreq  stm32h7xx_hal_rcc_ex.o
    0x0800539c   0x0800539c   0x00000004   PAD
    0x080053a0   0x080053a0   0x00000128   Code   RO          358    .text.HAL_RCCEx_GetPLL2ClockFreq  stm32h7xx_hal_rcc_ex.o
    0x080054c8   0x080054c8   0x00000128   Code   RO          360    .text.HAL_RCCEx_GetPLL3ClockFreq  stm32h7xx_hal_rcc_ex.o
    0x080055f0   0x080055f0   0x000003ac   Code   RO          354    .text.HAL_RCCEx_GetPeriphCLKFreq  stm32h7xx_hal_rcc_ex.o
    0x0800599c   0x0800599c   0x00000004   PAD
    0x080059a0   0x080059a0   0x00000b0c   Code   RO          346    .text.HAL_RCCEx_PeriphCLKConfig  stm32h7xx_hal_rcc_ex.o
    0x080064ac   0x080064ac   0x00000004   PAD
    0x080064b0   0x080064b0   0x00000254   Code   RO          314    .text.HAL_RCC_ClockConfig  stm32h7xx_hal_rcc.o
    0x08006704   0x08006704   0x00000004   PAD
    0x08006708   0x08006708   0x0000004c   Code   RO          324    .text.HAL_RCC_GetHCLKFreq  stm32h7xx_hal_rcc.o
    0x08006754   0x08006754   0x00000004   PAD
    0x08006758   0x08006758   0x00000060   Code   RO          326    .text.HAL_RCC_GetPCLK1Freq  stm32h7xx_hal_rcc.o
    0x080067b8   0x080067b8   0x00000060   Code   RO          328    .text.HAL_RCC_GetPCLK2Freq  stm32h7xx_hal_rcc.o
    0x08006818   0x08006818   0x0000011c   Code   RO          316    .text.HAL_RCC_GetSysClockFreq  stm32h7xx_hal_rcc.o
    0x08006934   0x08006934   0x00000004   PAD
    0x08006938   0x08006938   0x0000056c   Code   RO          312    .text.HAL_RCC_OscConfig  stm32h7xx_hal_rcc.o
    0x08006ea4   0x08006ea4   0x00000004   PAD
    0x08006ea8   0x08006ea8   0x000001bc   Code   RO         1125    .text.HAL_SPI_Init  stm32h7xx_hal_spi.o
    0x08007064   0x08007064   0x00000004   PAD
    0x08007068   0x08007068   0x000000c8   Code   RO           70    .text.HAL_SPI_MspInit  spi.o
    0x08007130   0x08007130   0x00000298   Code   RO         1133    .text.HAL_SPI_Transmit  stm32h7xx_hal_spi.o
    0x080073c8   0x080073c8   0x0000002e   Code   RO          779    .text.HAL_SYSTICK_Config  stm32h7xx_hal_cortex.o
    0x080073f6   0x080073f6   0x00000002   PAD
    0x080073f8   0x080073f8   0x00000002   Code   RO         1554    .text.HAL_TIMEx_Break2Callback  stm32h7xx_hal_tim_ex.o
    0x080073fa   0x080073fa   0x00000006   PAD
    0x08007400   0x08007400   0x00000002   Code   RO         1552    .text.HAL_TIMEx_BreakCallback  stm32h7xx_hal_tim_ex.o
    0x08007402   0x08007402   0x00000006   PAD
    0x08007408   0x08007408   0x00000002   Code   RO         1548    .text.HAL_TIMEx_CommutCallback  stm32h7xx_hal_tim_ex.o
    0x0800740a   0x0800740a   0x00000006   PAD
    0x08007410   0x08007410   0x000000ce   Code   RO         1536    .text.HAL_TIMEx_MasterConfigSynchronization  stm32h7xx_hal_tim_ex.o
    0x080074de   0x080074de   0x00000002   PAD
    0x080074e0   0x080074e0   0x00000060   Code   RO         1241    .text.HAL_TIM_Base_Init  stm32h7xx_hal_tim.o
    0x08007540   0x08007540   0x00000044   Code   RO           85    .text.HAL_TIM_Base_MspInit  tim.o
    0x08007584   0x08007584   0x00000004   PAD
    0x08007588   0x08007588   0x000000b4   Code   RO         1255    .text.HAL_TIM_Base_Start_IT  stm32h7xx_hal_tim.o
    0x0800763c   0x0800763c   0x00000004   PAD
    0x08007640   0x08007640   0x00000200   Code   RO         1421    .text.HAL_TIM_ConfigClockSource  stm32h7xx_hal_tim.o
    0x08007840   0x08007840   0x00000002   Code   RO         1377    .text.HAL_TIM_IC_CaptureCallback  stm32h7xx_hal_tim.o
    0x08007842   0x08007842   0x00000006   PAD
    0x08007848   0x08007848   0x0000016c   Code   RO         1375    .text.HAL_TIM_IRQHandler  stm32h7xx_hal_tim.o
    0x080079b4   0x080079b4   0x00000004   PAD
    0x080079b8   0x080079b8   0x00000002   Code   RO         1379    .text.HAL_TIM_OC_DelayElapsedCallback  stm32h7xx_hal_tim.o
    0x080079ba   0x080079ba   0x00000006   PAD
    0x080079c0   0x080079c0   0x00000002   Code   RO         1381    .text.HAL_TIM_PWM_PulseFinishedCallback  stm32h7xx_hal_tim.o
    0x080079c2   0x080079c2   0x00000006   PAD
    0x080079c8   0x080079c8   0x0000002e   Code   RO           17    .text.HAL_TIM_PeriodElapsedCallback  main.o
    0x080079f6   0x080079f6   0x00000002   PAD
    0x080079f8   0x080079f8   0x00000002   Code   RO         1385    .text.HAL_TIM_TriggerCallback  stm32h7xx_hal_tim.o
    0x080079fa   0x080079fa   0x00000006   PAD
    0x08007a00   0x08007a00   0x00000036   Code   RO         1731    .text.HAL_UARTEx_DisableFifoMode  stm32h7xx_hal_uart_ex.o
    0x08007a36   0x08007a36   0x00000002   PAD
    0x08007a38   0x08007a38   0x00000002   Code   RO         1658    .text.HAL_UARTEx_RxEventCallback  stm32h7xx_hal_uart.o
    0x08007a3a   0x08007a3a   0x00000006   PAD
    0x08007a40   0x08007a40   0x00000002   Code   RO         1717    .text.HAL_UARTEx_RxFifoFullCallback  stm32h7xx_hal_uart_ex.o
    0x08007a42   0x08007a42   0x00000006   PAD
    0x08007a48   0x08007a48   0x0000008c   Code   RO         1735    .text.HAL_UARTEx_SetRxFifoThreshold  stm32h7xx_hal_uart_ex.o
    0x08007ad4   0x08007ad4   0x00000004   PAD
    0x08007ad8   0x08007ad8   0x0000008c   Code   RO         1733    .text.HAL_UARTEx_SetTxFifoThreshold  stm32h7xx_hal_uart_ex.o
    0x08007b64   0x08007b64   0x00000004   PAD
    0x08007b68   0x08007b68   0x00000002   Code   RO         1719    .text.HAL_UARTEx_TxFifoEmptyCallback  stm32h7xx_hal_uart_ex.o
    0x08007b6a   0x08007b6a   0x00000006   PAD
    0x08007b70   0x08007b70   0x00000002   Code   RO         1715    .text.HAL_UARTEx_WakeupCallback  stm32h7xx_hal_uart_ex.o
    0x08007b72   0x08007b72   0x00000006   PAD
    0x08007b78   0x08007b78   0x000002b4   Code   RO         1624    .text.HAL_UART_DMAStop  stm32h7xx_hal_uart.o
    0x08007e2c   0x08007e2c   0x00000004   PAD
    0x08007e30   0x08007e30   0x00000002   Code   RO         1656    .text.HAL_UART_ErrorCallback  stm32h7xx_hal_uart.o
    0x08007e32   0x08007e32   0x00000006   PAD
    0x08007e38   0x08007e38   0x0000068a   Code   RO         1652    .text.HAL_UART_IRQHandler  stm32h7xx_hal_uart.o
    0x080084c2   0x080084c2   0x00000006   PAD
    0x080084c8   0x080084c8   0x00000064   Code   RO         1568    .text.HAL_UART_Init  stm32h7xx_hal_uart.o
    0x0800852c   0x0800852c   0x00000004   PAD
    0x08008530   0x08008530   0x000002b8   Code   RO          104    .text.HAL_UART_MspInit  usart.o
    0x080087e8   0x080087e8   0x00000204   Code   RO         1616    .text.HAL_UART_Receive_DMA  stm32h7xx_hal_uart.o
    0x080089ec   0x080089ec   0x00000004   PAD
    0x080089f0   0x080089f0   0x00000002   Code   RO         1664    .text.HAL_UART_RxCpltCallback  stm32h7xx_hal_uart.o
    0x080089f2   0x080089f2   0x00000006   PAD
    0x080089f8   0x080089f8   0x00000002   Code   RO         1666    .text.HAL_UART_RxHalfCpltCallback  stm32h7xx_hal_uart.o
    0x080089fa   0x080089fa   0x00000006   PAD
    0x08008a00   0x08008a00   0x000000ec   Code   RO         1608    .text.HAL_UART_Transmit_DMA  stm32h7xx_hal_uart.o
    0x08008aec   0x08008aec   0x00000004   PAD
    0x08008af0   0x08008af0   0x00000002   Code   RO         1660    .text.HAL_UART_TxCpltCallback  stm32h7xx_hal_uart.o
    0x08008af2   0x08008af2   0x00000006   PAD
    0x08008af8   0x08008af8   0x00000002   Code   RO         1662    .text.HAL_UART_TxHalfCpltCallback  stm32h7xx_hal_uart.o
    0x08008afa   0x08008afa   0x00000006   PAD
    0x08008b00   0x08008b00   0x00000002   Code   RO          126    .text.HardFault_Handler  stm32h7xx_it.o
    0x08008b02   0x08008b02   0x00000006   PAD
    0x08008b08   0x08008b08   0x000001b8   Code   RO         1931    .text.HeartRate_Process  heart_adc.o
    0x08008cc0   0x08008cc0   0x00000090   Code   RO         1971    .text.JY62_Decode_Buffer  jy62.o
    0x08008d50   0x08008d50   0x000001d4   Code   RO         1969    .text.JY62_Decode_Process  jy62.o
    0x08008f24   0x08008f24   0x00000004   PAD
    0x08008f28   0x08008f28   0x00000104   Code   RO         1967    .text.JY62_Init     jy62.o
    0x0800902c   0x0800902c   0x00000004   PAD
    0x08009030   0x08009030   0x00000006   Code   RO         1955    .text.KalmanFilter_Init  filter.o
    0x08009036   0x08009036   0x00000002   PAD
    0x08009038   0x08009038   0x00000042   Code   RO         1957    .text.KalmanFilter_Update  filter.o
    0x0800907a   0x0800907a   0x00000006   PAD
    0x08009080   0x08009080   0x000000a8   Code   RO           44    .text.MX_ADC1_Init  adc.o
    0x08009128   0x08009128   0x00000074   Code   RO           59    .text.MX_DMA_Init   dma.o
    0x0800919c   0x0800919c   0x00000004   PAD
    0x080091a0   0x080091a0   0x000000e6   Code   RO           35    .text.MX_GPIO_Init  gpio.o
    0x08009286   0x08009286   0x00000002   PAD
    0x08009288   0x08009288   0x0000006c   Code   RO           68    .text.MX_SPI1_Init  spi.o
    0x080092f4   0x080092f4   0x00000004   PAD
    0x080092f8   0x080092f8   0x00000072   Code   RO           83    .text.MX_TIM3_Init  tim.o
    0x0800936a   0x0800936a   0x00000006   PAD
    0x08009370   0x08009370   0x0000007c   Code   RO           98    .text.MX_UART4_Init  usart.o
    0x080093ec   0x080093ec   0x00000004   PAD
    0x080093f0   0x080093f0   0x0000007c   Code   RO          100    .text.MX_UART5_Init  usart.o
    0x0800946c   0x0800946c   0x00000004   PAD
    0x08009470   0x08009470   0x0000007c   Code   RO          102    .text.MX_UART7_Init  usart.o
    0x080094ec   0x080094ec   0x00000004   PAD
    0x080094f0   0x080094f0   0x00000002   Code   RO          128    .text.MemManage_Handler  stm32h7xx_it.o
    0x080094f2   0x080094f2   0x00000006   PAD
    0x080094f8   0x080094f8   0x00000002   Code   RO          124    .text.NMI_Handler   stm32h7xx_it.o
    0x080094fa   0x080094fa   0x00000006   PAD
    0x08009500   0x08009500   0x000000ce   Code   RO         1840    .text.OLED_1IN51_Display  oled_1in51.o
    0x080095ce   0x080095ce   0x00000002   PAD
    0x080095d0   0x080095d0   0x00000320   Code   RO         1836    .text.OLED_1IN51_Init  oled_1in51.o
    0x080098f0   0x080098f0   0x00000030   Code   RO         1947    .text.PT1Filter_InitWithFreq  filter.o
    0x08009920   0x08009920   0x00000044   Code   RO         1802    .text.Paint_ClearWindows  gui_paint.o
    0x08009964   0x08009964   0x00000004   PAD
    0x08009968   0x08009968   0x000000c2   Code   RO         1812    .text.Paint_DrawChar  gui_paint.o
    0x08009a2a   0x08009a2a   0x00000006   PAD
    0x08009a30   0x08009a30   0x0000014e   Code   RO         1814    .text.Paint_DrawString_EN  gui_paint.o
    0x08009b7e   0x08009b7e   0x00000002   PAD
    0x08009b80   0x08009b80   0x0000006a   Code   RO         1788    .text.Paint_NewImage  gui_paint.o
    0x08009bea   0x08009bea   0x00000006   PAD
    0x08009bf0   0x08009bf0   0x0000000c   Code   RO         1790    .text.Paint_SelectImage  gui_paint.o
    0x08009bfc   0x08009bfc   0x00000004   PAD
    0x08009c00   0x08009c00   0x00000192   Code   RO         1798    .text.Paint_SetPixel  gui_paint.o
    0x08009d92   0x08009d92   0x00000006   PAD
    0x08009d98   0x08009d98   0x00000002   Code   RO          138    .text.PendSV_Handler  stm32h7xx_it.o
    0x08009d9a   0x08009d9a   0x00000006   PAD
    0x08009da0   0x08009da0   0x00000120   Code   RO         1984    .text.Process_All_Data  aspro.o
    0x08009ec0   0x08009ec0   0x00000122   Code   RO          348    .text.RCCEx_PLL2_Config  stm32h7xx_hal_rcc_ex.o
    0x08009fe2   0x08009fe2   0x00000006   PAD
    0x08009fe8   0x08009fe8   0x00000122   Code   RO          350    .text.RCCEx_PLL3_Config  stm32h7xx_hal_rcc_ex.o
    0x0800a10a   0x0800a10a   0x00000006   PAD
    0x0800a110   0x0800a110   0x00000024   Code   RO         1774    .text.SPI4W_Write_Byte  dev_config.o
    0x0800a134   0x0800a134   0x00000004   PAD
    0x0800a138   0x0800a138   0x000000d0   Code   RO         1135    .text.SPI_CloseTransfer  stm32h7xx_hal_spi.o
    0x0800a208   0x0800a208   0x00000002   Code   RO          134    .text.SVC_Handler   stm32h7xx_it.o
    0x0800a20a   0x0800a20a   0x00000006   PAD
    0x0800a210   0x0800a210   0x00000004   Code   RO          140    .text.SysTick_Handler  stm32h7xx_it.o
    0x0800a214   0x0800a214   0x00000004   PAD
    0x0800a218   0x0800a218   0x000000e0   Code   RO           13    .text.SystemClock_Config  main.o
    0x0800a2f8   0x0800a2f8   0x000000ee   Code   RO         1754    .text.SystemInit    system_stm32h7xx.o
    0x0800a3e6   0x0800a3e6   0x00000002   PAD
    0x0800a3e8   0x0800a3e8   0x0000002e   Code   RO         1770    .text.System_Init   dev_config.o
    0x0800a416   0x0800a416   0x00000002   PAD
    0x0800a418   0x0800a418   0x0000000c   Code   RO          152    .text.TIM3_IRQHandler  stm32h7xx_it.o
    0x0800a424   0x0800a424   0x00000004   PAD
    0x0800a428   0x0800a428   0x0000014e   Code   RO         1245    .text.TIM_Base_SetConfig  stm32h7xx_hal_tim.o
    0x0800a576   0x0800a576   0x00000002   PAD
    0x0800a578   0x0800a578   0x0000006a   Code   RO          154    .text.UART4_IRQHandler  stm32h7xx_it.o
    0x0800a5e2   0x0800a5e2   0x00000006   PAD
    0x0800a5e8   0x0800a5e8   0x00000066   Code   RO          156    .text.UART5_IRQHandler  stm32h7xx_it.o
    0x0800a64e   0x0800a64e   0x00000002   PAD
    0x0800a650   0x0800a650   0x00000070   Code   RO          158    .text.UART7_IRQHandler  stm32h7xx_it.o
    0x0800a6c0   0x0800a6c0   0x000000e0   Code   RO         1572    .text.UART_AdvFeatureConfig  stm32h7xx_hal_uart.o
    0x0800a7a0   0x0800a7a0   0x0000016e   Code   RO         1576    .text.UART_CheckIdleState  stm32h7xx_hal_uart.o
    0x0800a90e   0x0800a90e   0x00000002   PAD
    0x0800a910   0x0800a910   0x0000000c   Code   RO         1654    .text.UART_DMAAbortOnError  stm32h7xx_hal_uart.o
    0x0800a91c   0x0800a91c   0x00000004   PAD
    0x0800a920   0x0800a920   0x000001f4   Code   RO         1614    .text.UART_DMAError  stm32h7xx_hal_uart.o
    0x0800ab14   0x0800ab14   0x00000004   PAD
    0x0800ab18   0x0800ab18   0x00000178   Code   RO         1698    .text.UART_DMAReceiveCplt  stm32h7xx_hal_uart.o
    0x0800ac90   0x0800ac90   0x0000001c   Code   RO         1700    .text.UART_DMARxHalfCplt  stm32h7xx_hal_uart.o
    0x0800acac   0x0800acac   0x00000004   PAD
    0x0800acb0   0x0800acb0   0x000000ba   Code   RO         1610    .text.UART_DMATransmitCplt  stm32h7xx_hal_uart.o
    0x0800ad6a   0x0800ad6a   0x00000006   PAD
    0x0800ad70   0x0800ad70   0x00000006   Code   RO         1612    .text.UART_DMATxHalfCplt  stm32h7xx_hal_uart.o
    0x0800ad76   0x0800ad76   0x00000002   PAD
    0x0800ad78   0x0800ad78   0x00000488   Code   RO         1574    .text.UART_SetConfig  stm32h7xx_hal_uart.o
    0x0800b200   0x0800b200   0x00000358   Code   RO         1590    .text.UART_WaitOnFlagUntilTimeout  stm32h7xx_hal_uart.o
    0x0800b558   0x0800b558   0x00000002   Code   RO          132    .text.UsageFault_Handler  stm32h7xx_it.o
    0x0800b55a   0x0800b55a   0x00000006   PAD
    0x0800b560   0x0800b560   0x000002fc   Code   RO           11    .text.main          main.o
    0x0800b85c   0x0800b85c   0x00000004   PAD
    0x0800b860   0x0800b860   0x0000006c   Code   RO         1953    .text.pt2FilterApply  filter.o
    0x0800b8cc   0x0800b8cc   0x00000004   PAD
    0x0800b8d0   0x0800b8d0   0x000000c0   Code   RO         1951    .text.pt2FilterInit  filter.o
    0x0800b990   0x0800b990   0x0000003e   Code   RO         2325    CL$$btod_d2e        c_w.l(btod.o)
    0x0800b9ce   0x0800b9ce   0x00000046   Code   RO         2327    CL$$btod_d2e_denorm_low  c_w.l(btod.o)
    0x0800ba14   0x0800ba14   0x00000060   Code   RO         2326    CL$$btod_d2e_norm_op1  c_w.l(btod.o)
    0x0800ba74   0x0800ba74   0x00000338   Code   RO         2335    CL$$btod_div_common  c_w.l(btod.o)
    0x0800bdac   0x0800bdac   0x00000084   Code   RO         2333    CL$$btod_e2d        c_w.l(btod.o)
    0x0800be30   0x0800be30   0x000000dc   Code   RO         2332    CL$$btod_e2e        c_w.l(btod.o)
    0x0800bf0c   0x0800bf0c   0x0000002a   Code   RO         2329    CL$$btod_ediv       c_w.l(btod.o)
    0x0800bf36   0x0800bf36   0x0000002a   Code   RO         2331    CL$$btod_edivd      c_w.l(btod.o)
    0x0800bf60   0x0800bf60   0x0000002a   Code   RO         2328    CL$$btod_emul       c_w.l(btod.o)
    0x0800bf8a   0x0800bf8a   0x0000002a   Code   RO         2330    CL$$btod_emuld      c_w.l(btod.o)
    0x0800bfb4   0x0800bfb4   0x00000244   Code   RO         2334    CL$$btod_mult_common  c_w.l(btod.o)
    0x0800c1f8   0x0800c1f8   0x00000030   Code   RO         2386    i.__ARM_fpclassify  m_wv.l(fpclassify.o)
    0x0800c228   0x0800c228   0x00000026   Code   RO         2249    i.__ARM_fpclassifyf  m_wv.l(fpclassifyf.o)
    0x0800c24e   0x0800c24e   0x00000002   PAD
    0x0800c250   0x0800c250   0x000000c4   Code   RO         2388    i.__hardfp___mathlib_tofloat  m_wv.l(narrow.o)
    0x0800c314   0x0800c314   0x00000150   Code   RO         2108    i.__hardfp_cosf     m_wv.l(cosf.o)
    0x0800c464   0x0800c464   0x00000190   Code   RO         2114    i.__hardfp_sinf     m_wv.l(sinf.o)
    0x0800c5f4   0x0800c5f4   0x0000017c   Code   RO         2120    i.__hardfp_tanf     m_wv.l(tanf.o)
    0x0800c770   0x0800c770   0x00000018   Code   RO         2553    i.__mathlib_dbl_overflow  m_wv.l(dunder.o)
    0x0800c788   0x0800c788   0x00000018   Code   RO         2555    i.__mathlib_dbl_underflow  m_wv.l(dunder.o)
    0x0800c7a0   0x0800c7a0   0x00000006   Code   RO         2252    i.__mathlib_flt_infnan  m_wv.l(funder.o)
    0x0800c7a6   0x0800c7a6   0x00000002   PAD
    0x0800c7a8   0x0800c7a8   0x00000010   Code   RO         2254    i.__mathlib_flt_invalid  m_wv.l(funder.o)
    0x0800c7b8   0x0800c7b8   0x00000010   Code   RO         2257    i.__mathlib_flt_underflow  m_wv.l(funder.o)
    0x0800c7c8   0x0800c7c8   0x00000012   Code   RO         2389    i.__mathlib_narrow  m_wv.l(narrow.o)
    0x0800c7da   0x0800c7da   0x00000002   PAD
    0x0800c7dc   0x0800c7dc   0x00000154   Code   RO         2265    i.__mathlib_rredf2  m_wv.l(rredf.o)
    0x0800c930   0x0800c930   0x000000a6   Code   RO         2526    i.__support_ldexp   m_wv.l(ldexp.o)
    0x0800c9d6   0x0800c9d6   0x0000000e   Code   RO         2074    i._is_digit         c_w.l(__printf_wp.o)
    0x0800c9e4   0x0800c9e4   0x00000004   PAD
    0x0800c9e8   0x0800c9e8   0x0000008c   Code   RO         2483    i.frexp             m_wv.l(frexp.o)
    0x0800ca74   0x0800ca74   0x0000002c   Code   RO         2359    locale$$code        c_w.l(lc_numeric_c.o)
    0x0800caa0   0x0800caa0   0x0000002c   Code   RO         2512    locale$$code        c_w.l(lc_ctype_c.o)
    0x0800cacc   0x0800cacc   0x00000010   Code   RO         2578    x$fpl$dcheck1       fz_wv.l(dcheck1.o)
    0x0800cadc   0x0800cadc   0x0000001a   Code   RO         2376    x$fpl$fpinit        fz_wv.l(fpinit.o)
    0x0800caf6   0x0800caf6   0x00000006   Code   RO         2378    x$fpl$ieeestatus    fz_wv.l(istatus.o)
    0x0800cafc   0x0800cafc   0x00000004   Code   RO         2104    x$fpl$printf1       fz_wv.l(printf1.o)
    0x0800cb00   0x0800cb00   0x00000064   Code   RO         2580    x$fpl$retnan        fz_wv.l(retnan.o)
    0x0800cb64   0x0800cb64   0x0000005c   Code   RO         2547    x$fpl$scalbn        fz_wv.l(scalbn.o)
    0x0800cbc0   0x0800cbc0   0x00000004   Code   RO         2106    x$fpl$scanf1        fz_wv.l(scanf1.o)
    0x0800cbc4   0x0800cbc4   0x00000008   Code   RO         2380    x$fpl$scanf2        fz_wv.l(scanf2.o)
    0x0800cbcc   0x0800cbcc   0x00000030   Code   RO         2582    x$fpl$trapveneer    fz_wv.l(trapv.o)
    0x0800cbfc   0x0800cbfc   0x00000000   Code   RO         2248    x$fpl$usenofp       fz_wv.l(usenofp.o)
    0x0800cbfc   0x0800cbfc   0x00000020   Data   RO         2266    .constdata          m_wv.l(rredf.o)
    0x0800cc1c   0x0800cc1c   0x00000094   Data   RO         2323    .constdata          c_w.l(bigflt0.o)
    0x0800ccb0   0x0800ccb0   0x00000006   Data   RO         1703    .rodata..Lswitch.table.UART_SetConfig.5  stm32h7xx_hal_uart.o
    0x0800ccb6   0x0800ccb6   0x00000006   Data   RO         1704    .rodata..Lswitch.table.UART_SetConfig.7  stm32h7xx_hal_uart.o
    0x0800ccbc   0x0800ccbc   0x00000010   Data   RO         1760    .rodata.D1CorePrescTable  system_stm32h7xx.o
    0x0800cccc   0x0800cccc   0x00000be0   Data   RO         1873    .rodata.Font16_Table  font16.o
    0x0800d8ac   0x0800d8ac   0x000002f8   Data   RO         1852    .rodata.Font8_Table  font8.o
    0x0800dba4   0x0800dba4   0x00000018   Data   RO         1702    .rodata.UARTPrescTable  stm32h7xx_hal_uart.o
    0x0800dbbc   0x0800dbbc   0x00000010   Data   RO         1745    .rodata.cst8        stm32h7xx_hal_uart_ex.o
    0x0800dbcc   0x0800dbcc   0x0000002e   Data   RO         1986    .rodata.str1.1      aspro.o
    0x0800dbfa   0x0800dbfa   0x00000002   PAD
    0x0800dbfc   0x0800dbfc   0x00000020   Data   RO         2585    Region$$Table       anon$$obj.o
    0x0800dc1c   0x0800dc1c   0x00000008   Data   RO         2372    c$$dinf             fz_wv.l(fpconst.o)
    0x0800dc24   0x0800dc24   0x00000008   Data   RO         2375    c$$dmax             fz_wv.l(fpconst.o)
    0x0800dc2c   0x0800dc2c   0x0000001c   Data   RO         2358    locale$$data        c_w.l(lc_numeric_c.o)
    0x0800dc48   0x0800dc48   0x00000110   Data   RO         2511    locale$$data        c_w.l(lc_ctype_c.o)


    Execution Region RW_IRAM1 (Exec base: 0x20000000, Load base: 0x0800dd58, Size: 0x00000000, Max: 0x00020000, ABSOLUTE)

    **** No section assigned to this execution region ****


    Execution Region RW_IRAM2 (Exec base: 0x24000000, Load base: 0x0800dd58, Size: 0x00001348, Max: 0x00080000, ABSOLUTE)

    Exec Addr    Load Addr    Size         Type   Attr      Idx    E Section Name        Object

    0x24000000   0x0800dd58   0x00000008   Data   RW          916    .data..L_MergedGlobals  stm32h7xx_hal.o
    0x24000008   0x0800dd60   0x00000008   Data   RW         1761    .data..L_MergedGlobals  system_stm32h7xx.o
    0x24000010   0x0800dd68   0x00000008   Data   RW         1935    .data..L_MergedGlobals  heart_adc.o
    0x24000018   0x0800dd70   0x00000008   Data   RW         1874    .data.Font16        font16.o
    0x24000020   0x0800dd78   0x00000008   Data   RW         1853    .data.Font8         font8.o
    0x24000028   0x0800dd80   0x00000038   Data   RW         1987    .data.map           aspro.o
    0x24000060        -       0x00000060   Zero   RW         2273    .bss                c_w.l(libspace.o)
    0x240000c0        -       0x0000005a   Zero   RW           26    .bss..L_MergedGlobals  main.o
    0x2400011a   0x0800ddb8   0x00000002   PAD
    0x2400011c        -       0x00000024   Zero   RW         1936    .bss..L_MergedGlobals.1  heart_adc.o
    0x24000140        -       0x00000040   Zero   RW           23    .bss.AS_buffer      main.o
    0x24000180        -       0x00000400   Zero   RW           20    .bss.BlackImage     main.o
    0x24000580        -       0x00000002   Zero   RW         1975    .bss.Fall_Probability.init_delay_cnt  jy62.o
    0x24000582   0x0800ddb8   0x00000002   PAD
    0x24000584        -       0x00000018   Zero   RW         1826    .bss.Paint          gui_paint.o
    0x2400059c        -       0x00000040   Zero   RW           21    .bss.Rx_buffer      main.o
    0x240005dc        -       0x00000001   Zero   RW           19    .bss.Rx_len         main.o
    0x240005dd   0x0800ddb8   0x00000003   PAD
    0x240005e0        -       0x00000064   Zero   RW           50    .bss.hadc1          adc.o
    0x24000644        -       0x00000078   Zero   RW          111    .bss.hdma_uart4_rx  usart.o
    0x240006bc        -       0x00000078   Zero   RW          112    .bss.hdma_uart4_tx  usart.o
    0x24000734        -       0x00000078   Zero   RW          113    .bss.hdma_uart5_rx  usart.o
    0x240007ac        -       0x00000078   Zero   RW          114    .bss.hdma_uart7_rx  usart.o
    0x24000824        -       0x00000078   Zero   RW          115    .bss.hdma_uart7_tx  usart.o
    0x2400089c        -       0x00000088   Zero   RW           74    .bss.hspi1          spi.o
    0x24000924        -       0x0000004c   Zero   RW           89    .bss.htim3          tim.o
    0x24000970        -       0x00000094   Zero   RW          108    .bss.huart4         usart.o
    0x24000a04        -       0x00000094   Zero   RW          109    .bss.huart5         usart.o
    0x24000a98        -       0x00000094   Zero   RW          110    .bss.huart7         usart.o
    0x24000b2c        -       0x00000214   Zero   RW           22    .bss.jy62           main.o
    0x24000d40        -       0x00000004   Zero   RW          915    .bss.uwTick         stm32h7xx_hal.o
    0x24000d44   0x0800ddb8   0x00000004   PAD
    0x24000d48        -       0x00000200   Zero   RW            2    HEAP                startup_stm32h743xx.o
    0x24000f48        -       0x00000400   Zero   RW            1    STACK               startup_stm32h743xx.o


==============================================================================

Image component sizes


      Code (inc. data)   RO Data    RW Data    ZI Data      Debug   Object Name

       334          0          0          0        100       9201   adc.o
       288         68         46         56          0       1701   aspro.o
        86          0          0          0          0       2507   dev_config.o
       116          0          0          0          0       5488   dma.o
       420         16          0          0          0       3335   filter.o
         0          0       3040          8          0        722   font16.o
         0          0        760          8          0        718   font8.o
       230          0          0          0          0       3039   gpio.o
      1116          4          0          0         24      30987   gui_paint.o
       440          8          0          8         36       2984   heart_adc.o
      1372         68          0          0          2       5325   jy62.o
      1044         24          0          0       1775       9881   main.o
      1006          0          0          0          0       3404   oled_1in51.o
       308          0          0          0        136       8503   spi.o
        72         30        664          0       1536        852   startup_stm32h743xx.o
       272          0          0          8          4      15087   stm32h7xx_hal.o
      3384         14          0          0          0      28660   stm32h7xx_hal_adc.o
       184          0          0          0          0      30244   stm32h7xx_hal_adc_ex.o
       354          0          0          0          0      12503   stm32h7xx_hal_cortex.o
      7728         12          0          0          0      18488   stm32h7xx_hal_dma.o
       448          0          0          0          0       7018   stm32h7xx_hal_gpio.o
        32          0          0          0          0       2231   stm32h7xx_hal_msp.o
        76          0          0          0          0      10810   stm32h7xx_hal_pwr_ex.o
      2536         24          0          0          0      12042   stm32h7xx_hal_rcc.o
      5278        264          0          0          0      20381   stm32h7xx_hal_rcc_ex.o
      1316          0          0          0          0      23636   stm32h7xx_hal_spi.o
      1494          0          0          0          0      67209   stm32h7xx_hal_tim.o
       212          0          0          0          0      26015   stm32h7xx_hal_tim_ex.o
      6944        332         36          0          0      43781   stm32h7xx_hal_uart.o
       340          0         16          0          0      11579   stm32h7xx_hal_uart_ex.o
       412          0          0          0          0       8111   stm32h7xx_it.o
       282          0         16          8          0       6243   system_stm32h7xx.o
       182          0          0          0         76       9989   tim.o
      1068          0          0          0       1044      12823   usart.o

    ----------------------------------------------------------------------
     39872        888       4612         96       4744     455497   Object Totals
         0          0         32          0          0          0   (incl. Generated)
       498         24          2          0         11          0   (incl. Padding)

    ----------------------------------------------------------------------

      Code (inc. data)   RO Data    RW Data    ZI Data      Debug   Library Member Name

        60          8          0          0          0         84   __0sscanf.o
        44          6          0          0          0         84   __2sprintf.o
         8          0          0          0          0         68   __main.o
       284          0          0          0          0        156   __printf_wp.o
         0          0          0          0          0          0   __rtentry.o
        12          0          0          0          0          0   __rtentry2.o
         6          0          0          0          0          0   __rtentry4.o
        94          8          0          0          0          0   __scatter.o
        26          0          0          0          0          0   __scatter_copy.o
        28          0          0          0          0          0   __scatter_zi.o
        28          0          0          0          0         68   _chval.o
         6          0          0          0          0          0   _printf_c.o
        44          0          0          0          0        108   _printf_char.o
        48          6          0          0          0         96   _printf_char_common.o
         6          0          0          0          0          0   _printf_d.o
       120         16          0          0          0         92   _printf_dec.o
         6          0          0          0          0          0   _printf_f.o
      1052          0          0          0          0        148   _printf_fp_dec.o
       128         16          0          0          0         84   _printf_fp_infnan.o
       178          0          0          0          0         88   _printf_intcommon.o
         0          0          0          0          0          0   _printf_percent.o
         4          0          0          0          0          0   _printf_percent_end.o
        82          0          0          0          0         80   _printf_str.o
        22          0          0          0          0        100   _rserrno.o
       884          6          0          0          0        100   _scanf.o
       224          0          0          0          0         96   _scanf_str.o
        64          0          0          0          0         84   _sgetc.o
        10          0          0          0          0         68   _sputc.o
       228          4        148          0          0         96   bigflt0.o
      2152        136          0          0          0        956   btod.o
        18          0          0          0          0         80   exit.o
         6          0          0          0          0        152   heapauxi.o
         0          0          0          0          0          0   indicate_semi.o
        18          0          0          0          0         76   isspace.o
        44         10        272          0          0         76   lc_ctype_c.o
        44         10         28          0          0         76   lc_numeric_c.o
         2          0          0          0          0          0   libinit.o
        34          0          0          0          0          0   libinit2.o
         2          0          0          0          0          0   libshutdown.o
         2          0          0          0          0          0   libshutdown2.o
         8          4          0          0         96         68   libspace.o
        38          0          0          0          0         68   llshl.o
       138          0          0          0          0         80   lludiv10.o
       240          0          0          0          0        100   lludivv7m.o
        16          4          0          0          0         76   rt_ctype_table.o
         8          4          0          0          0         68   rt_errno_addr_intlibspace.o
         8          4          0          0          0         68   rt_locale_intlibspace.o
        78          0          0          0          0         80   rt_memclr_w.o
         2          0          0          0          0          0   rtexit.o
        10          0          0          0          0          0   rtexit2.o
        44          8          0          0          0         84   scanf_char.o
      1272         16          0          0          0        168   scanf_fp.o
       800         14          0          0          0        100   scanf_hexfp.o
       308         16          0          0          0        100   scanf_infnan.o
       124          0          0          0          0         88   strcmpv7m_pel.o
        12          4          0          0          0         68   sys_exit.o
        74          0          0          0          0         80   sys_stackheap_outer.o
         2          0          0          0          0         68   use_no_semi.o
        16          4          0          0          0        116   dcheck1.o
         0          0         16          0          0          0   fpconst.o
        26          0          0          0          0        116   fpinit.o
         6          0          0          0          0        116   istatus.o
         4          0          0          0          0        116   printf1.o
       100          0          0          0          0        116   retnan.o
        92          0          0          0          0        116   scalbn.o
         4          0          0          0          0        116   scanf1.o
         8          0          0          0          0        132   scanf2.o
        48          0          0          0          0        116   trapv.o
         0          0          0          0          0          0   usenofp.o
       336         56          0          0          0        136   cosf.o
        48         28          0          0          0        232   dunder.o
        48          0          0          0          0        124   fpclassify.o
        38          0          0          0          0        116   fpclassifyf.o
       140         22          0          0          0        128   frexp.o
        38         12          0          0          0        348   funder.o
       166          0          0          0          0        148   ldexp.o
       214         10          0          0          0        292   narrow.o
       340         24         32          0          0        160   rredf.o
       400         56          0          0          0        212   sinf.o
       380         58          0          0          0        200   tanf.o

    ----------------------------------------------------------------------
     11684        570        496          0         96       7636   Library Totals
        32          0          0          0          0          0   (incl. Padding)

    ----------------------------------------------------------------------

      Code (inc. data)   RO Data    RW Data    ZI Data      Debug   Library Name

      9200        300        448          0         96       4480   c_w.l
       304          4         16          0          0       1060   fz_wv.l
      2148        266         32          0          0       2096   m_wv.l

    ----------------------------------------------------------------------
     11684        570        496          0         96       7636   Library Totals

    ----------------------------------------------------------------------

==============================================================================


      Code (inc. data)   RO Data    RW Data    ZI Data      Debug   

     51556       1458       5108         96       4840     457957   Grand Totals
     51556       1458       5108         96       4840     457957   ELF Image Totals
     51556       1458       5108         96          0          0   ROM Totals

==============================================================================

    Total RO  Size (Code + RO Data)                56664 (  55.34kB)
    Total RW  Size (RW Data + ZI Data)              4936 (   4.82kB)
    Total ROM Size (Code + RO Data + RW Data)      56760 (  55.43kB)

==============================================================================

