<html>
<body>
<pre>
<h1>µVision Build Log</h1>
<h2>Tool Versions:</h2>
IDE-Version: ¦ÌVision V5.38.0.0
Copyright (C) 2022 ARM Ltd and ARM Germany GmbH. All rights reserved.
License Information: 1 admin, 1, LIC=LSNXV-P2CWR-RA4DM-XHHFG-IXFRA-GUUDC
 
Tool Versions:
Toolchain:       MDK-ARM Plus  Version: 5.43.0.0
Toolchain Path:  D:\keil_v5\MDK\Core\ARM\ARMCLANG\Bin
C Compiler:      ArmClang.exe V6.24
Assembler:       Armasm.exe V6.24
Linker/Locator:  ArmLink.exe V6.24
Library Manager: ArmAr.exe V6.24
Hex Converter:   FromElf.exe V6.24
CPU DLL:         SARMCM3.DLL V5.43.0.0
Dialog DLL:      DCM.DLL V1.17.5.0
Target DLL:      STLink\ST-LINKIII-KEIL_SWO.dll V3.3.1.0
Dialog DLL:      TCM.DLL V1.56.6.0
 
<h2>Project:</h2>
E:\BaiduNetdiskDownload\mpu_test\OLED_H743ZIT6\MDK-ARM\OLED_H743ZIT6.uvprojx
Project File Date:  05/28/2026

<h2>Output:</h2>
*** Using Compiler 'V6.24', folder: 'D:\keil_v5\MDK\Core\ARM\ARMCLANG\Bin'
Rebuild target 'OLED_H743ZIT6'
assembling startup_stm32h743xx.s...
compiling stm32h7xx_hal_msp.c...
compiling spi.c...
compiling dma.c...
compiling stm32h7xx_hal_adc_ex.c...
compiling tim.c...
compiling stm32h7xx_hal_adc.c...
compiling gpio.c...
compiling adc.c...
compiling stm32h7xx_hal_rcc.c...
compiling stm32h7xx_it.c...
compiling main.c...
compiling usart.c...
compiling stm32h7xx_hal_flash.c...
compiling stm32h7xx_hal_rcc_ex.c...
compiling stm32h7xx_hal_gpio.c...
compiling stm32h7xx_hal_hsem.c...
compiling stm32h7xx_hal_flash_ex.c...
compiling stm32h7xx_hal_dma_ex.c...
compiling stm32h7xx_hal_dma.c...
compiling stm32h7xx_hal_pwr.c...
compiling stm32h7xx_hal_mdma.c...
compiling stm32h7xx_hal_pwr_ex.c...
compiling stm32h7xx_hal_cortex.c...
compiling stm32h7xx_hal.c...
compiling stm32h7xx_hal_i2c_ex.c...
compiling stm32h7xx_hal_exti.c...
compiling stm32h7xx_hal_spi_ex.c...
compiling stm32h7xx_hal_spi.c...
compiling system_stm32h7xx.c...
compiling stm32h7xx_hal_uart_ex.c...
compiling DEV_Config.c...
compiling stm32h7xx_hal_tim_ex.c...
compiling font8.c...
compiling stm32h7xx_hal_i2c.c...
compiling OLED_1in51.c...
compiling font12.c...
../Core/fonts/font12CN.c(50): warning: initializer-string for char array is too long [-Wexcess-initializers]
   50 | {"ä½ ",
      |  ^~~~
../Core/fonts/font12CN.c(57): warning: initializer-string for char array is too long [-Wexcess-initializers]
   57 | {"å¥½",
      |  ^~~~
../Core/fonts/font12CN.c(64): warning: initializer-string for char array is too long [-Wexcess-initializers]
   64 | {"æ ‘",
      |  ^~~~
../Core/fonts/font12CN.c(71): warning: initializer-string for char array is too long [-Wexcess-initializers]
   71 | {"èŽ“",
      |  ^~~~
../Core/fonts/font12CN.c(78): warning: initializer-string for char array is too long [-Wexcess-initializers]
   78 | {"æ´¾",
      |  ^~~~
5 warnings generated.
compiling font12CN.c...
compiling stm32h7xx_hal_tim.c...
compiling stm32h7xx_hal_uart.c...
compiling font16.c...
compiling GUI_Paint.c...
compiling font20.c...
compiling font24.c...
../Core/fonts/font24CN.c(50): warning: illegal character encoding in string literal [-Winvalid-source-encoding]
   50 | {"<C4><E3>",
      |   ^~~~~~~~
../Core/fonts/font24CN.c(65): warning: illegal character encoding in string literal [-Winvalid-source-encoding]
   65 | {"<BA><C3>",
      |   ^~~~~~~~
../Core/fonts/font24CN.c(95): warning: illegal character encoding in string literal [-Winvalid-source-encoding]
   95 | {"<C8><ED>",
      |   ^~~~~~~~
../Core/fonts/font24CN.c(110): warning: illegal character encoding in string literal [-Winvalid-source-encoding]
  110 | {"<D1><C5>",
      |   ^~~~~~~~
../Core/fonts/font24CN.c(125): warning: illegal character encoding in string literal [-Winvalid-source-encoding]
  125 | {"<BA><DA>",
      |   ^~~~~~~~
../Core/fonts/font24CN.c(140): warning: illegal character encoding in string literal [-Winvalid-source-encoding]
  140 | {"<B4><CB>",
      |   ^~~~~~~~
../Core/fonts/font24CN.c(155): warning: illegal character encoding in string literal [-Winvalid-source-encoding]
  155 | {"<D7><D6>",
      |   ^~~~~~~~
../Core/fonts/font24CN.c(170): warning: illegal character encoding in string literal [-Winvalid-source-encoding]
  170 | {"<CC><E5>",
      |   ^~~~~~~~
../Core/fonts/font24CN.c(185): warning: illegal character encoding in string literal [-Winvalid-source-encoding]
  185 | {"<CF><C2>",
      |   ^~~~~~~~
../Core/fonts/font24CN.c(200): warning: illegal character encoding in string literal [-Winvalid-source-encoding]
  200 | {"<B6><D4>",
      |   ^~~~~~~~
../Core/fonts/font24CN.c(230): warning: illegal character encoding in string literal [-Winvalid-source-encoding]
  230 | {"<B5><C4>",
      |   ^~~~~~~~
../Core/fonts/font24CN.c(245): warning: illegal character encoding in string literal [-Winvalid-source-encoding]
  245 | {"<B5><E3>",
      |   ^~~~~~~~
../Core/fonts/font24CN.c(260): warning: illegal character encoding in string literal [-Winvalid-source-encoding]
  260 | {"<D5><F3>",
      |   ^~~~~~~~
../Core/fonts/font24CN.c(290): warning: illegal character encoding in string literal [-Winvalid-source-encoding]
  290 | {"<CA><F7>",
      |   ^~~~~~~~
../Core/fonts/font24CN.c(320): warning: illegal character encoding in string literal [-Winvalid-source-encoding]
  320 | {"<C5><C9>",
      |   ^~~~~~~~
../Core/fonts/font24CN.c(426): warning: illegal character encoding in string literal [-Winvalid-source-encoding]
  426 | {"<B5><E7>",
      |   ^~~~~~~~
../Core/fonts/font24CN.c(441): warning: illegal character encoding in string literal [-Winvalid-source-encoding]
  441 | {"<D7><D3>",
      |   ^~~~~~~~
17 warnings generated.
compiling font24CN.c...
compiling OLED_1in51_test.c...
compiling filter.c...
compiling heart_adc.c...
compiling ImageData.c...
compiling aspro.c...
compiling JY62.c...
linking...
Program Size: Code=51556 RO-data=5108 RW-data=96 ZI-data=4840  
FromELF: creating hex file...
"OLED_H743ZIT6\OLED_H743ZIT6.axf" - 0 Error(s), 22 Warning(s).

<h2>Software Packages used:</h2>

Package Vendor: ARM
                https://www.keil.com/pack/ARM.CMSIS.6.2.0.pack
                ARM.CMSIS.6.2.0
                CMSIS (Common Microcontroller Software Interface Standard)
   * Component: CORE Version: 6.1.1

Package Vendor: Keil
                https://www.keil.com/pack/Keil.STM32H7xx_DFP.4.1.3.pack
                Keil.STM32H7xx_DFP.4.1.3
                STMicroelectronics STM32H7 Series Device Support

<h2>Collection of Component include folders:</h2>
  ./RTE/_OLED_H743ZIT6
  D:/keil_v5/MDK/Pack/ARM/CMSIS/6.2.0/CMSIS/Core/Include

<h2>Collection of Component Files used:</h2>

   * Component: ARM::CMSIS:CORE:6.1.1
      Include file:  CMSIS/Core/Include/tz_context.h
Build Time Elapsed:  00:00:03
</pre>
</body>
</html>
